 DemoStandalone

 Timestamp is 68576c9a (Sat Jun 21 21:38:18 2025)

 Preferred load address is 0000000140000000

 Start         Length     Name                   Class
 0001:00000000 000022c0H .text                   CODE
 0001:000022c0 0000000eH .text$__clang_call_terminate CODE
 0001:000022d0 00000320H .text                   CODE
 0001:000025f0 0000004aH .text$_ZN3Vcl5Forms5TFormC3EPN6System7Classes10TComponentE CODE
 0001:00002640 0000004aH .text$_ZN21Idhttpwebbrokerbridge22TIdHTTPWebBrokerBridgeC3EPN6System7Classes10TComponentE CODE
 0001:00002690 0000003eH .text$_ZN6TForm2D0Ev    CODE
 0001:000026d0 00000055H .text$_ZN3Vcl5Forms5TFormC3EPN6System7Classes10TComponentEi CODE
 0001:00002730 00000063H .text$_ZN3Vcl5Forms5TFormC3EPN6System7Classes10TComponentEii CODE
 0001:000027a0 00000034H .text$_ZN3Vcl5Forms5TFormD0Ev CODE
 0001:000027e0 000001d0H .text                   CODE
 0001:000029b0 00000034H .text$_ZN15TServerMethods2D0Ev CODE
 0001:000029f0 00000125H .text                   CODE
 0001:00002b20 0000003eH .text$_ZN11TWebModule2D0Ev CODE
 0001:00002b60 00000055H .text$_ZN3Web7Httpapp10TWebModuleC3EPN6System7Classes10TComponentEi CODE
 0001:00002bc0 00000034H .text$_ZN3Web7Httpapp10TWebModuleD0Ev CODE
 0001:00002c00 00000055H .text$_ZN3Web7Httpapp20TCustomWebDispatcherC3EPN6System7Classes10TComponentEi CODE
 0001:00002c60 000033ecH .text                   CODE
 0001:00006050 0000008fH .text$_ZN6System8Sysutils11ERangeErrorC3ENS_13UnicodeStringE CODE
 0001:000060e0 00000048H .text$_ZN6System8Sysutils11ERangeErrorD0Ev CODE
 0001:00006130 000000b2H .text$_ZN6System11AnsiStringTILt0EED2Ev CODE
 0001:000061f0 000000d1H .text$_ZN6System8Sysutils9EIntErrorC3ENS_13UnicodeStringE CODE
 0001:000062d0 0000008fH .text$_ZN6System8Sysutils9EExternalC3ENS_13UnicodeStringE CODE
 0001:00006360 0000003eH .text$_ZN6System8Sysutils9EIntErrorD0Ev CODE
 0001:000063a0 00000034H .text$_ZN6System8Sysutils9EExternalD0Ev CODE
 0001:000063e0 00001374H .text                   CODE
 0001:00007760 0000042dH .text$_ZNSt3__112__hash_tableINS_17__hash_value_typeIPN6System7Typinfo9TTypeInfoEPSt9type_infoEENS_22__unordered_map_hasherIS5_S8_NS_4hashIS5_EENS_8equal_toIS5_EELb1EEENS_21__unordered_map_equalIS5_S8_SD_SB_Lb1EEENS_9allocatorIS8_EEE25__emplace_unique_key_argsIS5_JRKNS_21piecewise_construct_tENS_5tupleIJRKS5_EEENSO_IJEEEEEENS_4pairINS_15__hash_iteratorIPNS_11__hash_nodeIS8_PvEEEEbEERKT_DpOT0_ CODE
 0001:00007b90 00000031H .text$_ZSt28__throw_bad_array_new_lengthB6v15007v CODE
 0001:00007bd0 00000233H .text$_ZNSt3__112__hash_tableINS_17__hash_value_typeIPN6System7Typinfo9TTypeInfoEPSt9type_infoEENS_22__unordered_map_hasherIS5_S8_NS_4hashIS5_EENS_8equal_toIS5_EELb1EEENS_21__unordered_map_equalIS5_S8_SD_SB_Lb1EEENS_9allocatorIS8_EEE11__do_rehashILb1EEEvy CODE
 0001:00007e10 0000720bH .text                   CODE
 0001:0000f020 0000001dH .text$_ZTWL16exception_object CODE
 0001:0000f040 0000019cH .text                   CODE
 0002:00000000 00000008H .rdata$.refptr._MINGW_INSTALL_DEBUG_MATHERR DATA
 0002:00000008 00000008H .rdata$.refptr.__dyn_tls_init_callback DATA
 0002:00000010 00000008H .rdata$.refptr.__globallocalestatus DATA
 0002:00000018 00000008H .rdata$.refptr.__image_base__ DATA
 0002:00000020 00000008H .rdata$.refptr.__imp___initenv DATA
 0002:00000028 00000008H .rdata$.refptr.__mingw_app_type DATA
 0002:00000030 00000008H .rdata$.refptr.__mingw_initltsdrot_force DATA
 0002:00000038 00000008H .rdata$.refptr.__mingw_initltsdyn_force DATA
 0002:00000040 00000008H .rdata$.refptr.__mingw_initltssuo_force DATA
 0002:00000048 00000008H .rdata$.refptr.__mingw_oldexcpt_handler DATA
 0002:00000050 00000008H .rdata$.refptr.__native_startup_lock DATA
 0002:00000058 00000008H .rdata$.refptr.__native_startup_state DATA
 0002:00000060 00000008H .rdata$.refptr.__xc_a   DATA
 0002:00000068 00000008H .rdata$.refptr.__xc_z   DATA
 0002:00000070 00000008H .rdata$.refptr.__xi_a   DATA
 0002:00000078 00000008H .rdata$.refptr.__xi_z   DATA
 0002:00000080 00000008H .rdata$.refptr._commode DATA
 0002:00000088 00000008H .rdata$.refptr._dowildcard DATA
 0002:00000090 00000008H .rdata$.refptr._fmode   DATA
 0002:00000098 00000008H .rdata$.refptr._hInstance DATA
 0002:000000a0 00000008H .rdata$.refptr._newmode DATA
 0002:000000a8 00000540H .rdata                  DATA
 0002:000005e8 00000008H .rdata$.refptr.Form2    DATA
 0002:000005f0 00000008H .rdata$.refptr.WebModuleClass DATA
 0002:000005f8 00000008H .rdata$.refptr._ZTV6TForm2 DATA
 0002:00000600 000007baH .rdata                  DATA
 0002:00000dc0 00000035H .rdata$_ZTR6TForm2      DATA
 0002:00000df8 00000008H .rdata$.refptr._ZTVN21Idhttpwebbrokerbridge22TIdHTTPWebBrokerBridgeE DATA
 0002:00000e00 0000029aH .rdata                  DATA
 0002:000010a0 00000048H .rdata$_ZTR17TServerContainer2 DATA
 0002:000010e8 00000009H .rdata$_ZTRN6System7Classes16TPersistentClassE DATA
 0002:00001100 00000046H .rdata$_ZTR15TServerMethods2 DATA
 0002:00001148 00000008H .rdata$.refptr._ZTV15TServerMethods2 DATA
 0002:00001150 00000669H .rdata                  DATA
 0002:000017c0 00000040H .rdata$_ZTR11TWebModule2 DATA
 0002:00001800 00000012H .rdata                  DATA
 0002:00001818 00000008H .rdata$.refptr.__imp__tzset DATA
 0002:00001820 00000008H .rdata$.refptr.__mingw_module_is_dll DATA
 0002:00001828 00000001H .rdata                  DATA
 0002:00001830 00000008H .rdata$.refptr.__CTOR_LIST__ DATA
 0002:00001838 00000030H .rdata                  DATA
 0002:00001868 00000008H .rdata$.refptr._CRT_MT  DATA
 0002:00001870 00000255H .rdata                  DATA
 0002:00001ac8 00000008H .rdata$.refptr.__RUNTIME_PSEUDO_RELOC_LIST_END__ DATA
 0002:00001ad0 00000008H .rdata$.refptr.__RUNTIME_PSEUDO_RELOC_LIST__ DATA
 0002:00001ad8 00000008H .rdata$.refptr._ZN6System10_init_instE DATA
 0002:00001ae0 00000008H .rdata$.refptr._ZTRN6System8Sysutils11ERangeErrorE DATA
 0002:00001ae8 00000008H .rdata$.refptr._ZTVN6System8Sysutils11ERangeErrorE DATA
 0002:00001af0 00000151H .rdata                  DATA
 0002:00001c41 00000019H .rdata$_ZTSSt20bad_array_new_length DATA
 0002:00001c5a 0000000dH .rdata$_ZTSSt9bad_alloc DATA
 0002:00001c67 0000000dH .rdata$_ZTSSt9exception DATA
 0002:00001c78 00000010H .rdata$_ZTISt9exception DATA
 0002:00001c88 00000018H .rdata$_ZTISt9bad_alloc DATA
 0002:00001ca0 00000018H .rdata$_ZTISt20bad_array_new_length DATA
 0002:00001cb8 00004a14H .rdata                  DATA
 0002:000066d0 00000008H .rdata$.refptr.__EMBT_INIT_LIST_BEGIN__ DATA
 0002:000066d8 00000008H .rdata$.refptr.__EMBT_INIT_LIST_END__ DATA
 0002:000066e0 00000008H .rdata$.refptr.__isDLL  DATA
 0002:000066e8 00000008H .rdata$.refptr.__isGUI  DATA
 0002:000066f0 00000008H .rdata$.refptr.__isVCLPackage DATA
 0002:000066f8 000003a0H .rdata                  DATA
 0002:00006b80 00000008H .CRT$XCA                DATA
 0002:00006b88 00000008H .CRT$XCAA               DATA
 0002:00006b90 00000008H .CRT$XCZ                DATA
 0002:00006b98 00000008H .CRT$XDA                DATA
 0002:00006ba0 00000008H .CRT$XDZ                DATA
 0002:00006ba8 00000008H .CRT$XIA                DATA
 0002:00006bb0 00000008H .CRT$XIAA               DATA
 0002:00006bb8 00000008H .CRT$XIZ                DATA
 0002:00006bc0 00000008H .CRT$XLA                DATA
 0002:00006bc8 00000008H .CRT$XLC                DATA
 0002:00006bd0 00000008H .CRT$XLD                DATA
 0002:00006bd8 00000008H .CRT$XLZ                DATA
 0002:00006be8 00000008H .ctors.65435            DATA
 0002:00006bf0 00000010H .ctors.65534            DATA
 0002:00006c10 00000010H .dtors.65403            DATA
 0002:00006c20 00000008H .dtors.65435            DATA
 0002:000121d0 000002acH .xdata                  DATA
 0002:0001247c 0000000cH .xdata$_ZN3Vcl5Forms5TFormC3EPN6System7Classes10TComponentE DATA
 0002:00012488 0000000cH .xdata$_ZN21Idhttpwebbrokerbridge22TIdHTTPWebBrokerBridgeC3EPN6System7Classes10TComponentE DATA
 0002:00012494 0000000cH .xdata$_ZN6TForm2D0Ev   DATA
 0002:000124a0 0000000cH .xdata$_ZN3Vcl5Forms5TFormC3EPN6System7Classes10TComponentEi DATA
 0002:000124ac 00000010H .xdata$_ZN3Vcl5Forms5TFormC3EPN6System7Classes10TComponentEii DATA
 0002:000124bc 0000000cH .xdata$_ZN3Vcl5Forms5TFormD0Ev DATA
 0002:000124c8 00000068H .xdata                  DATA
 0002:00012530 0000000cH .xdata$_ZN15TServerMethods2D0Ev DATA
 0002:0001253c 00000034H .xdata                  DATA
 0002:00012570 0000000cH .xdata$_ZN11TWebModule2D0Ev DATA
 0002:0001257c 0000000cH .xdata$_ZN3Web7Httpapp10TWebModuleC3EPN6System7Classes10TComponentEi DATA
 0002:00012588 0000000cH .xdata$_ZN3Web7Httpapp10TWebModuleD0Ev DATA
 0002:00012594 0000000cH .xdata$_ZN3Web7Httpapp20TCustomWebDispatcherC3EPN6System7Classes10TComponentEi DATA
 0002:000125a0 00000818H .xdata                  DATA
 0002:00012db8 00000038H .xdata$_ZN6System8Sysutils11ERangeErrorC3ENS_13UnicodeStringE DATA
 0002:00012df0 00000020H .xdata$_ZN6System11AnsiStringTILt0EED2Ev DATA
 0002:00012e10 0000004cH .xdata$_ZN6System8Sysutils9EIntErrorC3ENS_13UnicodeStringE DATA
 0002:00012e5c 00000038H .xdata$_ZN6System8Sysutils9EExternalC3ENS_13UnicodeStringE DATA
 0002:00012e94 00000038H .xdata$_ZN6System8Sysutils11ERangeErrorC3ENS_13UnicodeStringE DATA
 0002:00012ecc 0000000cH .xdata$_ZN6System8Sysutils11ERangeErrorD0Ev DATA
 0002:00012ed8 00000020H .xdata$_ZN6System11AnsiStringTILt0EED2Ev DATA
 0002:00012ef8 0000004cH .xdata$_ZN6System8Sysutils9EIntErrorC3ENS_13UnicodeStringE DATA
 0002:00012f44 00000038H .xdata$_ZN6System8Sysutils9EExternalC3ENS_13UnicodeStringE DATA
 0002:00012f7c 0000000cH .xdata$_ZN6System8Sysutils9EIntErrorD0Ev DATA
 0002:00012f88 0000000cH .xdata$_ZN6System8Sysutils9EExternalD0Ev DATA
 0002:00012f94 00000154H .xdata                  DATA
 0002:000130e8 00000078H .xdata$_ZNSt3__112__hash_tableINS_17__hash_value_typeIPN6System7Typinfo9TTypeInfoEPSt9type_infoEENS_22__unordered_map_hasherIS5_S8_NS_4hashIS5_EENS_8equal_toIS5_EELb1EEENS_21__unordered_map_equalIS5_S8_SD_SB_Lb1EEENS_9allocatorIS8_EEE25__emplace_unique_key_argsIS5_JRKNS_21piecewise_construct_tENS_5tupleIJRKS5_EEENSO_IJEEEEEENS_4pairINS_15__hash_iteratorIPNS_11__hash_nodeIS8_PvEEEEbEERKT_DpOT0_ DATA
 0002:00013160 00000008H .xdata$_ZSt28__throw_bad_array_new_lengthB6v15007v DATA
 0002:00013168 00000010H .xdata$_ZNSt3__112__hash_tableINS_17__hash_value_typeIPN6System7Typinfo9TTypeInfoEPSt9type_infoEENS_22__unordered_map_hasherIS5_S8_NS_4hashIS5_EENS_8equal_toIS5_EELb1EEENS_21__unordered_map_equalIS5_S8_SD_SB_Lb1EEENS_9allocatorIS8_EEE11__do_rehashILb1EEEvy DATA
 0002:00013178 00000770H .xdata                  DATA
 0002:000138e8 0000002cH .xdata$_ZN6System8Sysutils11ERangeErrorC3ENS_13UnicodeStringE DATA
 0002:00013914 00000028H .xdata$_ZN6System11AnsiStringTILt0EED2Ev DATA
 0002:0001393c 00000028H .xdata$_ZN6System8Sysutils9EIntErrorC3ENS_13UnicodeStringE DATA
 0002:00013964 00000020H .xdata$_ZN6System8Sysutils9EExternalC3ENS_13UnicodeStringE DATA
 0002:00013984 00000d8cH .xdata                  DATA
 0003:00000000 00000230H .data                   DATA
 0003:00000230 000001d0H .bss                    DATA
 0003:00000400 00000008H .bss$_ZGVZN6System11AnsiStringTILt0EED1EvE13__force_inst1 DATA
 0003:00000408 00000008H .bss$_ZGVZN6System11AnsiStringTILt0EED1EvE13__force_inst2 DATA
 0003:00000410 00000008H .bss$_ZZN6System11AnsiStringTILt0EED1EvE13__force_inst1 DATA
 0003:00000418 00000008H .bss$_ZZN6System11AnsiStringTILt0EED1EvE13__force_inst2 DATA
 0004:00000000 00000270H .pdata                  DATA
 0004:00000270 0000000cH .pdata$_ZN3Vcl5Forms5TFormC3EPN6System7Classes10TComponentE DATA
 0004:0000027c 0000000cH .pdata$_ZN21Idhttpwebbrokerbridge22TIdHTTPWebBrokerBridgeC3EPN6System7Classes10TComponentE DATA
 0004:00000288 0000000cH .pdata$_ZN6TForm2D0Ev   DATA
 0004:00000294 0000000cH .pdata$_ZN3Vcl5Forms5TFormC3EPN6System7Classes10TComponentEi DATA
 0004:000002a0 0000000cH .pdata$_ZN3Vcl5Forms5TFormC3EPN6System7Classes10TComponentEii DATA
 0004:000002ac 0000000cH .pdata$_ZN3Vcl5Forms5TFormD0Ev DATA
 0004:000002b8 0000003cH .pdata                  DATA
 0004:000002f4 0000000cH .pdata$_ZN15TServerMethods2D0Ev DATA
 0004:00000300 00000024H .pdata                  DATA
 0004:00000324 0000000cH .pdata$_ZN11TWebModule2D0Ev DATA
 0004:00000330 0000000cH .pdata$_ZN3Web7Httpapp10TWebModuleC3EPN6System7Classes10TComponentEi DATA
 0004:0000033c 0000000cH .pdata$_ZN3Web7Httpapp10TWebModuleD0Ev DATA
 0004:00000348 0000000cH .pdata$_ZN3Web7Httpapp20TCustomWebDispatcherC3EPN6System7Classes10TComponentEi DATA
 0004:00000354 000004e0H .pdata                  DATA
 0004:00000834 0000000cH .pdata$_ZN6System8Sysutils11ERangeErrorC3ENS_13UnicodeStringE DATA
 0004:00000840 0000000cH .pdata$_ZN6System8Sysutils11ERangeErrorD0Ev DATA
 0004:0000084c 0000000cH .pdata$_ZN6System11AnsiStringTILt0EED2Ev DATA
 0004:00000858 0000000cH .pdata$_ZN6System8Sysutils9EIntErrorC3ENS_13UnicodeStringE DATA
 0004:00000864 0000000cH .pdata$_ZN6System8Sysutils9EExternalC3ENS_13UnicodeStringE DATA
 0004:00000870 0000000cH .pdata$_ZN6System8Sysutils9EIntErrorD0Ev DATA
 0004:0000087c 0000000cH .pdata$_ZN6System8Sysutils9EExternalD0Ev DATA
 0004:00000888 00000150H .pdata                  DATA
 0004:000009d8 0000000cH .pdata$_ZNSt3__112__hash_tableINS_17__hash_value_typeIPN6System7Typinfo9TTypeInfoEPSt9type_infoEENS_22__unordered_map_hasherIS5_S8_NS_4hashIS5_EENS_8equal_toIS5_EELb1EEENS_21__unordered_map_equalIS5_S8_SD_SB_Lb1EEENS_9allocatorIS8_EEE25__emplace_unique_key_argsIS5_JRKNS_21piecewise_construct_tENS_5tupleIJRKS5_EEENSO_IJEEEEEENS_4pairINS_15__hash_iteratorIPNS_11__hash_nodeIS8_PvEEEEbEERKT_DpOT0_ DATA
 0004:000009e4 0000000cH .pdata$_ZSt28__throw_bad_array_new_lengthB6v15007v DATA
 0004:000009f0 0000000cH .pdata$_ZNSt3__112__hash_tableINS_17__hash_value_typeIPN6System7Typinfo9TTypeInfoEPSt9type_infoEENS_22__unordered_map_hasherIS5_S8_NS_4hashIS5_EENS_8equal_toIS5_EELb1EEENS_21__unordered_map_equalIS5_S8_SD_SB_Lb1EEENS_9allocatorIS8_EEE11__do_rehashILb1EEEvy DATA
 0004:000009fc 00000f54H .pdata                  DATA
 0005:00000000 00000044H .embtexi                DATA
 0006:00000000 00000008H .embti$x                DATA
 0006:00000008 00000178H .embti$y                DATA
 0006:00000180 00000008H .embti$z                DATA
 0007:00000000 00000044H .embtini                DATA
 0008:00000000 00000160H .embtinit               DATA
 0009:00000000 00000008H .tls                    DATA
 0009:00000010 00000210H .tls$                   DATA
 0009:00000220 00000008H .tls$ZZZ                DATA
 0009:00000228 00000001H .tls$zzz                DATA
 000a:00000000 00000454H .rsrc$01                DATA
 000a:00000460 0001fec0H .rsrc$02                DATA

  Address         Publics by Value              Rva+Base               Lib:Object

 0000:00000000       .absolut                   0000000000000000     <absolute>
 0000:ffffffb0       vtAfterConstruction        00000000ffffffb0     <absolute>
 0000:ffffffb8       vtBeforeDestruction        00000000ffffffb8     <absolute>
 0000:ffffffd0       vtNewInstance              00000000ffffffd0     <absolute>
 0000:ffffffd8       vtFreeInstance             00000000ffffffd8     <absolute>
 0000:00000000       __ImageBase                0000000140000000     <linker-defined>
 0000:00000000       __ImageBase                0000000140000000     <linker-defined>
 0000:00000000       __ImageBase                0000000140000000     <linker-defined>
 0001:00000100       WinMainCRTStartup          0000000140001100     crt2.o
 0001:00000350       mainCRTStartup             0000000140001350     crt2.o
 0001:00000380       atexit                     0000000140001380     crt2.o
 0001:00000620       __System__GetTls           0000000140001620     crtbegin.o
 0001:00000636       _ZN7Sysinit7_GetTlsEv      0000000140001636     crtbegin.o
 0001:00000650       .weak._ZN7Sysinit7_GetTlsEv.default 0000000140001650     sysinit.o
 0001:000006b0       _ZN7Sysinit17SetDliNotifyHook2EPFPv15dliNotificationP13DelayLoadInfoE 00000001400016b0     sysinit.o
 0001:000006c0       _ZN7Sysinit14DliNotifyHook2Ev 00000001400016c0     sysinit.o
 0001:000006d0       _ZN7Sysinit18SetDliFailureHook2EPFPv15dliNotificationP13DelayLoadInfoE 00000001400016d0     sysinit.o
 0001:000006e0       _ZN7Sysinit15DliFailureHook2Ev 00000001400016e0     sysinit.o
 0001:000006f0       _ZN7Sysinit17_DelayLoadHelper2ERPvS0_ 00000001400016f0     sysinit.o
 0001:00000700       _ZN7Sysinit21UnloadDelayLoadedDLL2EPc 0000000140001700     sysinit.o
 0001:00000710       _ZN7Sysinit20LoadAllImportsForDllEPc 0000000140001710     sysinit.o
 0001:00000720       _ZN7Sysinit7VclInitEbbyb   0000000140001720     sysinit.o
 0001:00000800       _ZN7Sysinit7VclExitEv      0000000140001800     sysinit.o
 0001:00000850       _ZN7Sysinit8_InitPkgEyiPv  0000000140001850     sysinit.o
 0001:000008d0       _ZN7Sysinit12_PackageLoadEPN6System16PackageInfoTableE 00000001400018d0     sysinit.o
 0001:000008f0       _ZN7Sysinit14_PackageUnloadEPN6System16PackageInfoTableE 00000001400018f0     sysinit.o
 0001:00000910       _ZN7Sysinit8_InitLibEPN6System12TInitContextEPNS0_16PackageInfoTableEyjPv 0000000140001910     sysinit.o
 0001:000009c0       _ZN7Sysinit8_InitExeEPv    00000001400019c0     sysinit.o
 0001:00000a50       _ZN7Sysinit18__delayLoadHelper2Ev 0000000140001a50     sysinit.o
 0001:00000d30       _ZN7Sysinit24__FUnloadDelayLoadedDLL2Ev 0000000140001d30     sysinit.o
 0001:000013e0       _ZN7Sysinit24__HrLoadAllImportsForDllEv 00000001400023e0     sysinit.o
 0001:00001870       _ZN7Sysinit12FinalizationEv 0000000140002870     sysinit.o
 0001:00001890       _ZN7Sysinit14initializationEv 0000000140002890     sysinit.o
 0001:00002220       WinMain                    0000000140003220     DemoStandalone.o
 0001:000022c0       __clang_call_terminate     00000001400032c0     DemoStandalone.o
 0001:000022d0       _ZN6TForm2C3EPN6System7Classes10TComponentE 00000001400032d0     UFrmMain.o
 0001:00002320       _ZN6TForm216ButtonStartClickEPN6System7TObjectE 0000000140003320     UFrmMain.o
 0001:00002330       _ZN6TForm211StartServerEv  0000000140003330     UFrmMain.o
 0001:000023e0       _Z16TerminateThreadsv      00000001400033e0     UFrmMain.o
 0001:00002400       _ZN6TForm215ButtonStopClickEPN6System7TObjectE 0000000140003400     UFrmMain.o
 0001:00002450       _ZN6TForm222ButtonOpenBrowserClickEPN6System7TObjectE 0000000140003450     UFrmMain.o
 0001:00002530       _ZN6TForm222ApplicationEvents1IdleEPN6System7TObjectERb 0000000140003530     UFrmMain.o
 0001:000025b0       _ZN6TForm210FormCreateEPN6System7TObjectE 00000001400035b0     UFrmMain.o
 0001:000025f0       _ZN3Vcl5Forms5TFormC3EPN6System7Classes10TComponentE 00000001400035f0     UFrmMain.o
 0001:00002640       _ZN21Idhttpwebbrokerbridge22TIdHTTPWebBrokerBridgeC3EPN6System7Classes10TComponentE 0000000140003640     UFrmMain.o
 0001:00002690       _ZN6TForm2D0Ev             0000000140003690     UFrmMain.o
 0001:000026d0       _ZN3Vcl5Forms5TFormC3EPN6System7Classes10TComponentEi 00000001400036d0     UFrmMain.o
 0001:00002730       _ZN3Vcl5Forms5TFormC3EPN6System7Classes10TComponentEii 0000000140003730     UFrmMain.o
 0001:000027a0       _ZN3Vcl5Forms5TFormD0Ev    00000001400037a0     UFrmMain.o
 0001:000027e0       _ZN17TServerContainer2C3EPN6System7Classes10TComponentE 00000001400037e0     UServerContainer.o
 0001:00002850       _ZN17TServerContainer2D0Ev 0000000140003850     UServerContainer.o
 0001:00002890       _ZN17TServerContainer222DSServerClass1GetClassEPN8Datasnap8Dsserver14TDSServerClassERN6System7Classes16TPersistentClassE 0000000140003890     UServerContainer.o
 0001:000028a0       _Z8DSServerv               00000001400038a0     UServerContainer.o
 0001:000028c0       _ZN15TServerMethods2C3EPN6System7Classes10TComponentE 00000001400038c0     UServerMethod.o
 0001:00002910       _ZN15TServerMethods210EchoStringEN6System13UnicodeStringE 0000000140003910     UServerMethod.o
 0001:00002960       _ZN15TServerMethods213ReverseStringEN6System13UnicodeStringE 0000000140003960     UServerMethod.o
 0001:000029b0       _ZN15TServerMethods2D0Ev   00000001400039b0     UServerMethod.o
 0001:000029f0       _ZN11TWebModule2C3EPN6System7Classes10TComponentE 00000001400039f0     UWebModuleMain.o
 0001:00002a40       _ZN11TWebModule230WebModule2DefaultHandlerActionEPN6System7TObjectEPN3Web7Httpapp11TWebRequestEPNS4_12TWebResponseERb 0000000140003a40     UWebModuleMain.o
 0001:00002aa0       _ZN11TWebModule215WebModuleCreateEPN6System7TObjectE 0000000140003aa0     UWebModuleMain.o
 0001:00002b20       _ZN11TWebModule2D0Ev       0000000140003b20     UWebModuleMain.o
 0001:00002b60       _ZN3Web7Httpapp10TWebModuleC3EPN6System7Classes10TComponentEi 0000000140003b60     UWebModuleMain.o
 0001:00002bc0       _ZN3Web7Httpapp10TWebModuleD0Ev 0000000140003bc0     UWebModuleMain.o
 0001:00002c00       _ZN3Web7Httpapp20TCustomWebDispatcherC3EPN6System7Classes10TComponentEi 0000000140003c00     UWebModuleMain.o
 0001:00002c60       __getmainargs              0000000140003c60     libucrt:lib64_libucrt_extra_a-ucrtbase_compat.o
 0001:00002cf0       __wgetmainargs             0000000140003cf0     libucrt:lib64_libucrt_extra_a-ucrtbase_compat.o
 0001:00002d80       _onexit                    0000000140003d80     libucrt:lib64_libucrt_extra_a-ucrtbase_compat.o
 0001:00002dd0       at_quick_exit              0000000140003dd0     libucrt:lib64_libucrt_extra_a-ucrtbase_compat.o
 0001:00002e10       _amsg_exit                 0000000140003e10     libucrt:lib64_libucrt_extra_a-ucrtbase_compat.o
 0001:00002e50       _get_output_format         0000000140003e50     libucrt:lib64_libucrt_extra_a-ucrtbase_compat.o
 0001:00002e60       _tzset                     0000000140003e60     libucrt:lib64_libucrt_extra_a-ucrtbase_compat.o
 0001:00002ea0       tzset                      0000000140003ea0     libucrt:lib64_libucrt_extra_a-ucrtbase_compat.o
 0001:00002eb0       __ms_fwprintf              0000000140003eb0     libucrt:lib64_libucrt_extra_a-ucrtbase_compat.o
 0001:00002f10       main                       0000000140003f10     libmingw32:lib64_libmingw32_a-crtexewin.o
 0001:000030e0       __do_global_dtors          00000001400040e0     libmingw32:lib64_libmingw32_a-gccmain.o
 0001:00003120       __do_global_ctors          0000000140004120     libmingw32:lib64_libmingw32_a-gccmain.o
 0001:000031d0       __main                     00000001400041d0     libmingw32:lib64_libmingw32_a-gccmain.o
 0001:00003200       _setargv                   0000000140004200     libmingw32:lib64_libmingw32_a-dllargv.o
 0001:00003210       __dyn_tls_init             0000000140004210     libmingw32:lib64_libmingw32_a-tlssup.o
 0001:000032f0       __tlregdtor                00000001400042f0     libmingw32:lib64_libmingw32_a-tlssup.o
 0001:00003390       _matherr                   0000000140004390     libmingw32:lib64_libmingw32_a-merr.o
 0001:000034b0       _fpreset                   00000001400044b0     libmingw32:lib64_libmingw32_a-CRT_fp10.o
 0001:000034b0       fpreset                    00000001400044b0     libmingw32:lib64_libmingw32_a-CRT_fp10.o
 0001:000034c0       _pei386_runtime_relocator  00000001400044c0     libmingw32:lib64_libmingw32_a-pseudo-reloc.o
 0001:00003da0       __mingw_raise_matherr      0000000140004da0     libmingw32:lib64_libmingw32_a-usermatherr.o
 0001:00003e20       __mingw_setusermatherr     0000000140004e20     libmingw32:lib64_libmingw32_a-usermatherr.o
 0001:00003e50       _gnu_exception_handler     0000000140004e50     libmingw32:lib64_libmingw32_a-crt_handler.o
 0001:00004130       _ZNK6System13UnicodeString6GetRecEv 0000000140005130     rtle:ustring.o
 0001:00004140       _ZN6System13UnicodeString6GetRecEv 0000000140005140     rtle:ustring.o
 0001:00004150       _ZNK6System13UnicodeString6LengthEv 0000000140005150     rtle:ustring.o
 0001:00004160       _ZNK6System13UnicodeString17ThrowIfOutOfRangeEi 0000000140005160     rtle:ustring.o
 0001:000041f0       _ZN6System13UnicodeStringC1Ev 00000001400051f0     rtle:ustring.o
 0001:000041f0       _ZN6System13UnicodeStringC2Ev 00000001400051f0     rtle:ustring.o
 0001:00004200       _ZN6System13UnicodeStringC1EPKc 0000000140005200     rtle:ustring.o
 0001:00004200       _ZN6System13UnicodeStringC2EPKc 0000000140005200     rtle:ustring.o
 0001:00004210       _ZN6System13UnicodeStringC1ERKS0_ 0000000140005210     rtle:ustring.o
 0001:00004210       _ZN6System13UnicodeStringC2ERKS0_ 0000000140005210     rtle:ustring.o
 0001:00004240       _ZN6System13UnicodeStringC2ERKNS_10WideStringE 0000000140005240     rtle:ustring.o
 0001:00004240       _ZN6System13UnicodeStringC1ERKNS_10WideStringE 0000000140005240     rtle:ustring.o
 0001:00004250       _ZN6System13UnicodeStringC2EPKwi 0000000140005250     rtle:ustring.o
 0001:00004250       _ZN6System13UnicodeStringC1EPKwi 0000000140005250     rtle:ustring.o
 0001:000042d0       _ZN6System13UnicodeString9SetLengthEi 00000001400052d0     rtle:ustring.o
 0001:000042f0       _ZN6System13UnicodeStringC2EPKw 00000001400052f0     rtle:ustring.o
 0001:000042f0       _ZN6System13UnicodeStringC1EPKw 00000001400052f0     rtle:ustring.o
 0001:00004360       _ZN6System13UnicodeStringC2EPKDsi 0000000140005360     rtle:ustring.o
 0001:00004360       _ZN6System13UnicodeStringC1EPKDsi 0000000140005360     rtle:ustring.o
 0001:000043d0       _ZN6System13UnicodeStringC2EPKDii 00000001400053d0     rtle:ustring.o
 0001:000043d0       _ZN6System13UnicodeStringC1EPKDii 00000001400053d0     rtle:ustring.o
 0001:000044e0       _ZN6System13UnicodeStringC2EPKci 00000001400054e0     rtle:ustring.o
 0001:000044e0       _ZN6System13UnicodeStringC1EPKci 00000001400054e0     rtle:ustring.o
 0001:00004540       _ZN6System13UnicodeStringC2Ed 0000000140005540     rtle:ustring.o
 0001:00004540       _ZN6System13UnicodeStringC1Ed 0000000140005540     rtle:ustring.o
 0001:000045a0       _ZN6System13UnicodeStringD1Ev 00000001400055a0     rtle:ustring.o
 0001:000045a0       _ZN6System13UnicodeStringD2Ev 00000001400055a0     rtle:ustring.o
 0001:000045c0       _ZN6System13UnicodeStringaSERKS0_ 00000001400055c0     rtle:ustring.o
 0001:000045e0       _ZN6System13UnicodeStringpLERKS0_ 00000001400055e0     rtle:ustring.o
 0001:00004600       _ZNK6System13UnicodeStringplERKS0_ 0000000140005600     rtle:ustring.o
 0001:00004670       _ZNK6System13UnicodeStringeqERKS0_ 0000000140005670     rtle:ustring.o
 0001:00004680       _ZNK6System13UnicodeStringneERKS0_ 0000000140005680     rtle:ustring.o
 0001:00004690       _ZNK6System13UnicodeStringltERKS0_ 0000000140005690     rtle:ustring.o
 0001:000046a0       _ZNK6System13UnicodeStringgtERKS0_ 00000001400056a0     rtle:ustring.o
 0001:000046b0       _ZNK6System13UnicodeStringleERKS0_ 00000001400056b0     rtle:ustring.o
 0001:000046c0       _ZNK6System13UnicodeStringgeERKS0_ 00000001400056c0     rtle:ustring.o
 0001:000046d0       _ZNK6System13UnicodeString7CompareERKS0_ 00000001400056d0     rtle:ustring.o
 0001:00004720       _ZNK6System13UnicodeString9CompareICERKS0_ 0000000140005720     rtle:ustring.o
 0001:00004780       _ZN6System13UnicodeString12StringOfCharEwi 0000000140005780     rtle:ustring.o
 0001:000048b0       _ZN6System13UnicodeString7LoadStrEi 00000001400058b0     rtle:ustring.o
 0001:000048d0       _ZN6System13UnicodeString7LoadStrEP11HINSTANCE__i 00000001400058d0     rtle:ustring.o
 0001:00004910       _ZN6System13UnicodeString11LoadStringAEP11HINSTANCE__i 0000000140005910     rtle:ustring.o
 0001:00004bb0       _ZN6System13UnicodeString10FmtLoadStrEiPKNS_7TVarRecEi 0000000140005bb0     rtle:ustring.o
 0001:00004bd0       _ZN6System13UnicodeString6FormatERKS0_PKNS_7TVarRecEi 0000000140005bd0     rtle:ustring.o
 0001:00004bf0       _ZN6System13UnicodeString11FormatFloatERKS0_RKe 0000000140005bf0     rtle:ustring.o
 0001:00004c10       _ZN6System13UnicodeString7vprintfEPKwPc 0000000140005c10     rtle:ustring.o
 0001:00004ca0       _ZN6System13UnicodeString11cat_vprintfEPKwPc 0000000140005ca0     rtle:ustring.o
 0001:00004d40       _ZN6System13UnicodeString6printfEPKwz 0000000140005d40     rtle:ustring.o
 0001:00004df0       _ZN6System13UnicodeString7sprintfEPKwz 0000000140005df0     rtle:ustring.o
 0001:00004e80       _ZN6System13UnicodeString10cat_printfEPKwz 0000000140005e80     rtle:ustring.o
 0001:00004f40       _ZN6System13UnicodeString11cat_sprintfEPKwz 0000000140005f40     rtle:ustring.o
 0001:00004ff0       _ZN6System13UnicodeString11FloatToStrFEeNS0_18TStringFloatFormatEii 0000000140005ff0     rtle:ustring.o
 0001:00005010       _ZN6System13UnicodeString8IntToHexEii 0000000140006010     rtle:ustring.o
 0001:00005030       _ZN6System13UnicodeString9CurrToStrENS_8CurrencyE 0000000140006030     rtle:ustring.o
 0001:00005050       _ZN6System13UnicodeString10CurrToStrFENS_8CurrencyENS0_18TStringFloatFormatEi 0000000140006050     rtle:ustring.o
 0001:00005070       _ZN6System13UnicodeString6UniqueEv 0000000140006070     rtle:ustring.o
 0001:00005090       _ZN6System13UnicodeString7Insert1ERKS0_i 0000000140006090     rtle:ustring.o
 0001:000050b0       _ZN6System13UnicodeString7Insert0ERKS0_i 00000001400060b0     rtle:ustring.o
 0001:000050d0       _ZN6System13UnicodeString7Delete1Eii 00000001400060d0     rtle:ustring.o
 0001:000050f0       _ZN6System13UnicodeString7Delete0Eii 00000001400060f0     rtle:ustring.o
 0001:00005110       _ZNK6System13UnicodeString4Pos1ERKS0_ 0000000140006110     rtle:ustring.o
 0001:00005120       _ZNK6System13UnicodeString4Pos0ERKS0_ 0000000140006120     rtle:ustring.o
 0001:00005130       _ZNK6System13UnicodeString9LowerCaseEv 0000000140006130     rtle:ustring.o
 0001:00005150       _ZNK6System13UnicodeString9UpperCaseEv 0000000140006150     rtle:ustring.o
 0001:00005170       _ZNK6System13UnicodeString4TrimEv 0000000140006170     rtle:ustring.o
 0001:00005190       _ZNK6System13UnicodeString8TrimLeftEv 0000000140006190     rtle:ustring.o
 0001:000051b0       _ZNK6System13UnicodeString9TrimRightEv 00000001400061b0     rtle:ustring.o
 0001:000051d0       _ZNK6System13UnicodeString10SubString1Eii 00000001400061d0     rtle:ustring.o
 0001:00005280       _ZNK6System13UnicodeString10SubString0Eii 0000000140006280     rtle:ustring.o
 0001:00005330       _ZNK6System13UnicodeString5ToIntEv 0000000140006330     rtle:ustring.o
 0001:00005340       _ZNK6System13UnicodeString8ToIntDefEi 0000000140006340     rtle:ustring.o
 0001:00005350       _ZNK6System13UnicodeString8ToDoubleEv 0000000140006350     rtle:ustring.o
 0001:00005360       _ZNK6System13UnicodeString12IsDelimiter1ERKS0_i 0000000140006360     rtle:ustring.o
 0001:00005370       _ZNK6System13UnicodeString12IsDelimiter0ERKS0_i 0000000140006370     rtle:ustring.o
 0001:00005390       _ZNK6System13UnicodeString16IsPathDelimiter1Ei 0000000140006390     rtle:ustring.o
 0001:000053a0       _ZNK6System13UnicodeString16IsPathDelimiter0Ei 00000001400063a0     rtle:ustring.o
 0001:000053b0       _ZNK6System13UnicodeString14LastDelimiter1ERKS0_ 00000001400063b0     rtle:ustring.o
 0001:000053c0       _ZNK6System13UnicodeString14LastDelimiter0ERKS0_ 00000001400063c0     rtle:ustring.o
 0001:000053e0       _ZNK6System13UnicodeString9ByteType1Ei 00000001400063e0     rtle:ustring.o
 0001:00005400       _ZNK6System13UnicodeString9ByteType0Ei 0000000140006400     rtle:ustring.o
 0001:00005420       _ZNK6System13UnicodeString16IsLeadSurrogate1Ei 0000000140006420     rtle:ustring.o
 0001:00005440       _ZNK6System13UnicodeString16IsLeadSurrogate0Ei 0000000140006440     rtle:ustring.o
 0001:00005460       _ZNK6System13UnicodeString17IsTrailSurrogate1Ei 0000000140006460     rtle:ustring.o
 0001:00005480       _ZNK6System13UnicodeString17IsTrailSurrogate0Ei 0000000140006480     rtle:ustring.o
 0001:000054a0       _ZNK6System13UnicodeString7BytesOfEv 00000001400064a0     rtle:ustring.o
 0001:000054c0       _ZN6SystemplEPKcRKNS_13UnicodeStringE 00000001400064c0     rtle:ustring.o
 0001:00005530       _ZN6SystemplEPKwRKNS_13UnicodeStringE 0000000140006530     rtle:ustring.o
 0001:000055e0       _ZN6SystemplEPKDsRKNS_13UnicodeStringE 00000001400065e0     rtle:ustring.o
 0001:00005690       _ZN6SystemplEPKDiRKNS_13UnicodeStringE 0000000140006690     rtle:ustring.o
 0001:000057e0       _ZNK6System13UnicodeString9FirstCharEv 00000001400067e0     rtle:ustring.o
 0001:000057f0       _ZNK6System13UnicodeString8LastCharEv 00000001400067f0     rtle:ustring.o
 0001:00005800       _ZN6System13UnicodeString9FirstCharEv 0000000140006800     rtle:ustring.o
 0001:00005810       _ZN6System13UnicodeString8LastCharEv 0000000140006810     rtle:ustring.o
 0001:00005820       _ZN6System13UnicodeString4swapERS0_ 0000000140006820     rtle:ustring.o
 0001:00005850       _ZN6System9to_stringERNS_13UnicodeStringEb 0000000140006850     rtle:ustring.o
 0001:000058b0       _ZN6System9to_stringERNS_13UnicodeStringEc 00000001400068b0     rtle:ustring.o
 0001:00005950       _ZN6System9to_stringERNS_13UnicodeStringEa 0000000140006950     rtle:ustring.o
 0001:000059b0       _ZN6System9to_stringERNS_13UnicodeStringEh 00000001400069b0     rtle:ustring.o
 0001:00005a10       _ZN6System9to_stringERNS_13UnicodeStringEs 0000000140006a10     rtle:ustring.o
 0001:00005a70       _ZN6System9to_stringERNS_13UnicodeStringEt 0000000140006a70     rtle:ustring.o
 0001:00005ad0       _ZN6System9to_stringERNS_13UnicodeStringEi 0000000140006ad0     rtle:ustring.o
 0001:00005b30       _ZN6System9to_stringERNS_13UnicodeStringEj 0000000140006b30     rtle:ustring.o
 0001:00005b90       _ZN6System9to_stringERNS_13UnicodeStringEl 0000000140006b90     rtle:ustring.o
 0001:00005bf0       _ZN6System9to_stringERNS_13UnicodeStringEm 0000000140006bf0     rtle:ustring.o
 0001:00005c50       _ZN6System9to_stringERNS_13UnicodeStringEw 0000000140006c50     rtle:ustring.o
 0001:00005cb0       _ZN6System9to_stringERNS_13UnicodeStringEx 0000000140006cb0     rtle:ustring.o
 0001:00005d10       _ZN6System9to_stringERNS_13UnicodeStringEy 0000000140006d10     rtle:ustring.o
 0001:00005d70       _ZN6System9to_stringERNS_13UnicodeStringEf 0000000140006d70     rtle:ustring.o
 0001:00005dd0       _ZN6System9to_stringERNS_13UnicodeStringEfRKNS_8Sysutils15TFormatSettingsE 0000000140006dd0     rtle:ustring.o
 0001:00005e30       _ZN6System9to_stringERNS_13UnicodeStringEd 0000000140006e30     rtle:ustring.o
 0001:00005e90       _ZN6System9to_stringERNS_13UnicodeStringEdRKNS_8Sysutils15TFormatSettingsE 0000000140006e90     rtle:ustring.o
 0001:00005ef0       _ZN6System9to_stringERNS_13UnicodeStringEe 0000000140006ef0     rtle:ustring.o
 0001:00005f50       _ZN6System9to_stringERNS_13UnicodeStringEeRKNS_8Sysutils15TFormatSettingsE 0000000140006f50     rtle:ustring.o
 0001:00005fb0       _ZN6System11from_stringERKNS_13UnicodeStringERb 0000000140006fb0     rtle:ustring.o
 0001:00005fc0       _ZN6System11from_stringERKNS_13UnicodeStringERe 0000000140006fc0     rtle:ustring.o
 0001:00005fd0       _ZN6System11from_stringERKNS_13UnicodeStringERKNS_8Sysutils15TFormatSettingsERe 0000000140006fd0     rtle:ustring.o
 0001:00005ff0       _ZN6System11from_stringERKNS_13UnicodeStringERi 0000000140006ff0     rtle:ustring.o
 0001:00006000       _ZN6System11from_stringERKNS_13UnicodeStringERx 0000000140007000     rtle:ustring.o
 0001:00006010       _ZN6System11from_stringERKNS_13UnicodeStringERj 0000000140007010     rtle:ustring.o
 0001:00006020       _ZN6System11from_stringERKNS_13UnicodeStringERy 0000000140007020     rtle:ustring.o
 0001:00006050       _ZN6System8Sysutils11ERangeErrorC3ENS_13UnicodeStringE 0000000140007050     rtle:ustring.o
 0001:000060e0       _ZN6System8Sysutils11ERangeErrorD0Ev 00000001400070e0     rtle:ustring.o
 0001:00006130       _ZN6System11AnsiStringTILt0EED2Ev 0000000140007130     rtle:ustring.o
 0001:000061f0       _ZN6System8Sysutils9EIntErrorC3ENS_13UnicodeStringE 00000001400071f0     rtle:ustring.o
 0001:000062d0       _ZN6System8Sysutils9EExternalC3ENS_13UnicodeStringE 00000001400072d0     rtle:ustring.o
 0001:00006360       _ZN6System8Sysutils9EIntErrorD0Ev 0000000140007360     rtle:ustring.o
 0001:000063a0       _ZN6System8Sysutils9EExternalD0Ev 00000001400073a0     rtle:ustring.o
 0001:000063e0       __ClassCreate              00000001400073e0     rtle:classcre64.o
 0001:000063eb       __ClassDestroy             00000001400073eb     rtle:classcre64.o
 0001:000063f1       __AfterConstruction        00000001400073f1     rtle:classcre64.o
 0001:000063fa       __BeforeDestruction        00000001400073fa     rtle:classcre64.o
 0001:0000640c       __currMul__                000000014000740c     rtle:classcre64.o
 0001:00006430       fprintf                    0000000140007430     libucrt:lib64_libucrt_extra_a-ucrt_fprintf.o
 0001:00006490       ___w64_mingwthr_add_key_dtor 0000000140007490     libmingw32:lib64_libmingw32_a-tlsthrd.o
 0001:00006550       ___w64_mingwthr_remove_key_dtor 0000000140007550     libmingw32:lib64_libmingw32_a-tlsthrd.o
 0001:00006630       __mingw_TLScallback        0000000140007630     libmingw32:lib64_libmingw32_a-tlsthrd.o
 0001:000067f0       _ValidateImageBase         00000001400077f0     libmingw32:lib64_libmingw32_a-pesect.o
 0001:000068a0       _FindPESection             00000001400078a0     libmingw32:lib64_libmingw32_a-pesect.o
 0001:00006980       _FindPESectionByName       0000000140007980     libmingw32:lib64_libmingw32_a-pesect.o
 0001:00006a90       __mingw_GetSectionForAddress 0000000140007a90     libmingw32:lib64_libmingw32_a-pesect.o
 0001:00006b00       __mingw_GetSectionCount    0000000140007b00     libmingw32:lib64_libmingw32_a-pesect.o
 0001:00006b60       _FindPESectionExec         0000000140007b60     libmingw32:lib64_libmingw32_a-pesect.o
 0001:00006c60       _GetPEImageBase            0000000140007c60     libmingw32:lib64_libmingw32_a-pesect.o
 0001:00006cb0       _IsNonwritableInCurrentImage 0000000140007cb0     libmingw32:lib64_libmingw32_a-pesect.o
 0001:00006d50       __mingw_enum_import_library_names 0000000140007d50     libmingw32:lib64_libmingw32_a-pesect.o
 0001:00006e9c       ___chkstk_ms               0000000140007e9c     libclang_rt.builtins-x86_64:chkstk.S.obj
 0001:00006ed0       vfprintf                   0000000140007ed0     libucrt:lib64_libucrt_extra_a-ucrt_vfprintf.o
 0001:00006f10       _ZN6System18LoadResourceStringEPKNS_13TResStringRecE 0000000140007f10     rtle:syssupp.o
 0001:00006f30       _ZN6System19CheckSafecallResultEl 0000000140007f30     rtle:syssupp.o
 0001:00006f40       _ZN6System16InterLockedExchgEPPvS0_ 0000000140007f40     rtle:syssupp.o
 0001:00006f50       .weak._ZN6System17TAggregatedObject13GetControllerEv.default._ZN6System18LoadResourceStringEPKNS_13TResStringRecE 0000000140007f50     rtle:syssupp.o
 0001:00006f50       .weak._ZN6System17TAggregatedObject13GetControllerEv.default._ZN6System18LoadResourceStringEPKNS_13TResStringRecE 0000000140007f50     rtle:syssupp.o
 0001:00006f60       __dynamic_delphi_cast      0000000140007f60     rtle:syssupp.o
 0001:00006fd0       __delphi_type_info         0000000140007fd0     rtle:syssupp.o
 0001:00007340       __dynamic_delphi_type_info 0000000140008340     rtle:syssupp.o
 0001:00007380       System_InstWeakClear       0000000140008380     rtle:syssupp.o
 0001:00007390       System_InstWeakCopy        0000000140008390     rtle:syssupp.o
 0001:000073a0       System_AsgClosureObj       00000001400083a0     rtle:syssupp.o
 0001:000073b0       System_ClosureAddWeakRef   00000001400083b0     rtle:syssupp.o
 0001:000073c0       System_ClosureRemoveWeakRef 00000001400083c0     rtle:syssupp.o
 0001:000073d0       System_CopyClosure         00000001400083d0     rtle:syssupp.o
 0001:000073e0       bcp_storeStrong            00000001400083e0     rtle:syssupp.o
 0001:00007460       bcp_initStrong             0000000140008460     rtle:syssupp.o
 0001:000074e0       bcp_addref                 00000001400084e0     rtle:syssupp.o
 0001:00007530       bcp_release                0000000140008530     rtle:syssupp.o
 0001:000075a0       bcp_initWeak               00000001400085a0     rtle:syssupp.o
 0001:00007620       bcp_releaseWeak            0000000140008620     rtle:syssupp.o
 0001:00007690       bcp_storeWeak              0000000140008690     rtle:syssupp.o
 0001:00007700       bcp_closureAddref          0000000140008700     rtle:syssupp.o
 0001:00007710       bcp_closureRelease         0000000140008710     rtle:syssupp.o
 0001:00007720       bcp_closureCopy            0000000140008720     rtle:syssupp.o
 0001:00007730       bcp_closureAsg             0000000140008730     rtle:syssupp.o
 0001:00007740       _Z17DebugHlpr_HRCHECKIKcEllPT_S2_i 0000000140008740     rtle:syssupp.o
 0001:00007760       _ZNSt3__112__hash_tableINS_17__hash_value_typeIPN6System7Typinfo9TTypeInfoEPSt9type_infoEENS_22__unordered_map_hasherIS5_S8_NS_4hashIS5_EENS_8equal_toIS5_EELb1EEENS_21__unordered_map_equalIS5_S8_SD_SB_Lb1EEENS_9allocatorIS8_EEE25__emplace_unique_key_argsIS5_JRKNS_21piecewise_construct_tENS_5tupleIJRKS5_EEENSO_IJEEEEEENS_4pairINS_15__hash_iteratorIPNS_11__hash_nodeIS8_PvEEEEbEERKT_DpOT0_ 0000000140008760     rtle:syssupp.o
 0001:00007b90       _ZSt28__throw_bad_array_new_lengthB6v15007v 0000000140008b90     rtle:syssupp.o
 0001:00007bd0       _ZNSt3__112__hash_tableINS_17__hash_value_typeIPN6System7Typinfo9TTypeInfoEPSt9type_infoEENS_22__unordered_map_hasherIS5_S8_NS_4hashIS5_EENS_8equal_toIS5_EELb1EEENS_21__unordered_map_equalIS5_S8_SD_SB_Lb1EEENS_9allocatorIS8_EEE11__do_rehashILb1EEEvy 0000000140008bd0     rtle:syssupp.o
 0001:00007e10       _ZN6System8Internal7Strhlpr15UnicodeFromAnsiERNS_13UnicodeStringERNS_11AnsiStringTILt65535EEE 0000000140008e10     rtl:System.Internal.StrHlpr.o
 0001:00007e30       _ZN6System8Internal7Strhlpr16UnicodeFromPCharERNS_13UnicodeStringEPcb 0000000140008e30     rtl:System.Internal.StrHlpr.o
 0001:00007ec0       _ZN6System8Internal7Strhlpr15UnicodeFromUTF8ERNS_13UnicodeStringEPKc 0000000140008ec0     rtl:System.Internal.StrHlpr.o
 0001:00007ed0       _ZN6System8Internal7Strhlpr20UnicodeFromPWideCharERNS_13UnicodeStringEPw 0000000140008ed0     rtl:System.Internal.StrHlpr.o
 0001:00007ef0       _ZN6System8Internal7Strhlpr13UnicodeAppendERNS_13UnicodeStringES3_ 0000000140008ef0     rtl:System.Internal.StrHlpr.o
 0001:00007f10       _ZN6System8Internal7Strhlpr10UnicodeCatERNS_13UnicodeStringES3_ 0000000140008f10     rtl:System.Internal.StrHlpr.o
 0001:00007f30       _ZN6System8Internal7Strhlpr13UnicodeDeleteERNS_13UnicodeStringEii 0000000140008f30     rtl:System.Internal.StrHlpr.o
 0001:00007f40       _ZN6System8Internal7Strhlpr16UnicodeSetLengthERNS_13UnicodeStringEi 0000000140008f40     rtl:System.Internal.StrHlpr.o
 0001:00007f50       _ZN6System8Internal7Strhlpr10UnicodePosERNS_13UnicodeStringES3_ 0000000140008f50     rtl:System.Internal.StrHlpr.o
 0001:00007f70       _ZN6System8Internal7Strhlpr11UnicodeCopyERNS_13UnicodeStringEii 0000000140008f70     rtl:System.Internal.StrHlpr.o
 0001:00007f90       _ZN6System8Internal7Strhlpr13UnicodeInsertERNS_13UnicodeStringES3_i 0000000140008f90     rtl:System.Internal.StrHlpr.o
 0001:00007fb0       _ZN6System8Internal7Strhlpr13UnicodeAssignERNS_13UnicodeStringES3_ 0000000140008fb0     rtl:System.Internal.StrHlpr.o
 0001:00007fd0       _ZN6System8Internal7Strhlpr11UnicodeFreeERNS_13UnicodeStringE 0000000140008fd0     rtl:System.Internal.StrHlpr.o
 0001:00007fe0       _ZN6System8Internal7Strhlpr12UnicodeEqualERNS_13UnicodeStringES3_ 0000000140008fe0     rtl:System.Internal.StrHlpr.o
 0001:00008000       _ZN6System8Internal7Strhlpr11UnicodeLessERNS_13UnicodeStringES3_ 0000000140009000     rtl:System.Internal.StrHlpr.o
 0001:00008020       _ZN6System8Internal7Strhlpr14UnicodeGreaterERNS_13UnicodeStringES3_ 0000000140009020     rtl:System.Internal.StrHlpr.o
 0001:00008040       _ZN6System8Internal7Strhlpr10AnsiAppendERNS_11AnsiStringTILt65535EEES4_ 0000000140009040     rtl:System.Internal.StrHlpr.o
 0001:00008060       _ZN6System8Internal7Strhlpr7AnsiCatERNS_11AnsiStringTILt65535EEES4_ 0000000140009060     rtl:System.Internal.StrHlpr.o
 0001:00008080       _ZN6System8Internal7Strhlpr10AnsiDeleteERNS_11AnsiStringTILt65535EEEii 0000000140009080     rtl:System.Internal.StrHlpr.o
 0001:00008090       _ZN6System8Internal7Strhlpr13AnsiSetLengthERNS_11AnsiStringTILt65535EEEi 0000000140009090     rtl:System.Internal.StrHlpr.o
 0001:000080b0       _ZN6System8Internal7Strhlpr7AnsiPosERNS_11AnsiStringTILt65535EEES4_ 00000001400090b0     rtl:System.Internal.StrHlpr.o
 0001:000080d0       _ZN6System8Internal7Strhlpr8AnsiCopyERNS_11AnsiStringTILt65535EEEii 00000001400090d0     rtl:System.Internal.StrHlpr.o
 0001:000080f0       _ZN6System8Internal7Strhlpr10AnsiInsertERNS_11AnsiStringTILt65535EEES4_i 00000001400090f0     rtl:System.Internal.StrHlpr.o
 0001:00008110       _ZN6System8Internal7Strhlpr9AnsiEqualERNS_11AnsiStringTILt65535EEES4_ 0000000140009110     rtl:System.Internal.StrHlpr.o
 0001:00008130       _ZN6System8Internal7Strhlpr11AnsiGreaterERNS_11AnsiStringTILt65535EEES4_ 0000000140009130     rtl:System.Internal.StrHlpr.o
 0001:00008150       _ZN6System8Internal7Strhlpr8AnsiLessERNS_11AnsiStringTILt65535EEES4_ 0000000140009150     rtl:System.Internal.StrHlpr.o
 0001:00008170       _ZN6System8Internal7Strhlpr10AnsiAssignERNS_11AnsiStringTILt65535EEES4_ 0000000140009170     rtl:System.Internal.StrHlpr.o
 0001:00008190       _ZN6System8Internal7Strhlpr8AnsiFreeERNS_11AnsiStringTILt65535EEE 0000000140009190     rtl:System.Internal.StrHlpr.o
 0001:000081a0       _ZN6System8Internal7Strhlpr10WideAssignERNS_10WideStringES3_ 00000001400091a0     rtl:System.Internal.StrHlpr.o
 0001:000081c0       _ZN6System8Internal7Strhlpr8WideFreeERNS_10WideStringE 00000001400091c0     rtl:System.Internal.StrHlpr.o
 0001:000081d0       _ZN6System8Internal7Strhlpr12WideFromAnsiERNS_10WideStringERNS_11AnsiStringTILt65535EEE 00000001400091d0     rtl:System.Internal.StrHlpr.o
 0001:000081f0       _ZN6System8Internal7Strhlpr15WideFromUnicodeERNS_10WideStringERNS_13UnicodeStringE 00000001400091f0     rtl:System.Internal.StrHlpr.o
 0001:00008210       _ZN6System8Internal7Strhlpr13WideFromPCharERNS_10WideStringEPcb 0000000140009210     rtl:System.Internal.StrHlpr.o
 0001:000082a0       _ZN6System8Internal7Strhlpr9WideEqualERNS_10WideStringES3_ 00000001400092a0     rtl:System.Internal.StrHlpr.o
 0001:000082c0       _ZN6System8Internal7Strhlpr8WideLessERNS_10WideStringES3_ 00000001400092c0     rtl:System.Internal.StrHlpr.o
 0001:000082e0       _ZN6System8Internal7Strhlpr11WideGreaterERNS_10WideStringES3_ 00000001400092e0     rtl:System.Internal.StrHlpr.o
 0001:00008300       _ZN6System8Internal7Strhlpr7WideCatERNS_10WideStringES3_ 0000000140009300     rtl:System.Internal.StrHlpr.o
 0001:00008320       _ZN6System8Internal7Strhlpr10WideLengthERNS_10WideStringE 0000000140009320     rtl:System.Internal.StrHlpr.o
 0001:00008340       _ZN6System8Internal7Strhlpr7WidePosERNS_10WideStringES3_ 0000000140009340     rtl:System.Internal.StrHlpr.o
 0001:00008360       _ZN6System8Internal7Strhlpr13WideSetLengthERNS_10WideStringEi 0000000140009360     rtl:System.Internal.StrHlpr.o
 0001:00008370       _ZN6System8Internal7Strhlpr10WideDeleteERNS_10WideStringEii 0000000140009370     rtl:System.Internal.StrHlpr.o
 0001:00008380       _ZN6System8Internal7Strhlpr10WideInsertERNS_10WideStringES3_i 0000000140009380     rtl:System.Internal.StrHlpr.o
 0001:000083a0       _ZN6System8Internal7Strhlpr8WideCopyERNS_10WideStringEii 00000001400093a0     rtl:System.Internal.StrHlpr.o
 0001:000083c0       _ZN6System8Internal7Strhlpr10WideAppendERNS_10WideStringES3_ 00000001400093c0     rtl:System.Internal.StrHlpr.o
 0001:000083e0       _ZN6System8Internal7Strhlpr12WideFromUTF8ERNS_10WideStringEPKc 00000001400093e0     rtl:System.Internal.StrHlpr.o
 0001:00008450       _ZN6System8Internal7Strhlpr15UnicodeFromWideERNS_13UnicodeStringERNS_10WideStringE 0000000140009450     rtl:System.Internal.StrHlpr.o
 0001:00008470       _ZN6System8Internal7Strhlpr12FinalizationEv 0000000140009470     rtl:System.Internal.StrHlpr.o
 0001:00008480       _ZN6System8Internal7Strhlpr14initializationEv 0000000140009480     rtl:System.Internal.StrHlpr.o
 0001:00008490       _ZNK6System14AnsiStringBase6GetRecEv 0000000140009490     rtle:dstring.o
 0001:000084a0       _ZN6System14AnsiStringBase6GetRecEv 00000001400094a0     rtle:dstring.o
 0001:000084b0       _ZNK6System14AnsiStringBase6LengthEv 00000001400094b0     rtle:dstring.o
 0001:000084c0       _ZNK6System14AnsiStringBase17ThrowIfOutOfRangeEi 00000001400094c0     rtle:dstring.o
 0001:00008550       _ZN6System14AnsiStringBaseC2EPKci 0000000140009550     rtle:dstring.o
 0001:00008550       _ZN6System14AnsiStringBaseC1EPKci 0000000140009550     rtle:dstring.o
 0001:00008570       _ZN6System14AnsiStringBaseC2ERKS0_ 0000000140009570     rtle:dstring.o
 0001:00008570       _ZN6System14AnsiStringBaseC1ERKS0_ 0000000140009570     rtle:dstring.o
 0001:000085a0       _ZN6System14AnsiStringBaseC2ERKNS_10WideStringEi 00000001400095a0     rtle:dstring.o
 0001:000085a0       _ZN6System14AnsiStringBaseC1ERKNS_10WideStringEi 00000001400095a0     rtle:dstring.o
 0001:000085c0       _ZN6System14AnsiStringBaseC2ERKNS_13UnicodeStringEi 00000001400095c0     rtle:dstring.o
 0001:000085c0       _ZN6System14AnsiStringBaseC1ERKNS_13UnicodeStringEi 00000001400095c0     rtle:dstring.o
 0001:000085e0       _ZN6System14AnsiStringBaseC2EPKcii 00000001400095e0     rtle:dstring.o
 0001:000085e0       _ZN6System14AnsiStringBaseC1EPKcii 00000001400095e0     rtle:dstring.o
 0001:00008650       _ZN6System14AnsiStringBase9SetLengthEii 0000000140009650     rtle:dstring.o
 0001:00008680       _ZN6System14AnsiStringBase15_AnsiFromPWCharERS0_PKwii 0000000140009680     rtle:dstring.o
 0001:000086a0       _ZN6System14AnsiStringBaseC2EPKwii 00000001400096a0     rtle:dstring.o
 0001:000086a0       _ZN6System14AnsiStringBaseC1EPKwii 00000001400096a0     rtle:dstring.o
 0001:000086f0       _ZN6System14AnsiStringBaseC2EPKDsii 00000001400096f0     rtle:dstring.o
 0001:000086f0       _ZN6System14AnsiStringBaseC1EPKDsii 00000001400096f0     rtle:dstring.o
 0001:00008740       _ZN6System14AnsiStringBaseC2EPKDiii 0000000140009740     rtle:dstring.o
 0001:00008740       _ZN6System14AnsiStringBaseC1EPKDiii 0000000140009740     rtle:dstring.o
 0001:00008800       _ZN6System14AnsiStringBaseaSERKS0_ 0000000140009800     rtle:dstring.o
 0001:00008820       _ZN6System14AnsiStringBaseC2Ewi 0000000140009820     rtle:dstring.o
 0001:00008820       _ZN6System14AnsiStringBaseC1Ewi 0000000140009820     rtle:dstring.o
 0001:00008840       _ZN6System14AnsiStringBaseC2EDii 0000000140009840     rtle:dstring.o
 0001:00008840       _ZN6System14AnsiStringBaseC1EDii 0000000140009840     rtle:dstring.o
 0001:00008900       _ZN6System14AnsiStringBaseC2Edi 0000000140009900     rtle:dstring.o
 0001:00008900       _ZN6System14AnsiStringBaseC1Edi 0000000140009900     rtle:dstring.o
 0001:000089d0       _ZN6System14AnsiStringBaseD2Ev 00000001400099d0     rtle:dstring.o
 0001:000089d0       _ZN6System14AnsiStringBaseD1Ev 00000001400099d0     rtle:dstring.o
 0001:000089f0       _ZN6System14AnsiStringBase8_AnsiCatERS0_RKS0_ 00000001400099f0     rtle:dstring.o
 0001:00008a00       _ZN6System14AnsiStringBase8_AnsiCatERS0_RKS0_S3_ 0000000140009a00     rtle:dstring.o
 0001:00008a10       _ZNK6System14AnsiStringBaseeqERKS0_ 0000000140009a10     rtle:dstring.o
 0001:00008a40       _ZNK6System14AnsiStringBase11AnsiCompareERKS0_ 0000000140009a40     rtle:dstring.o
 0001:00008a80       _ZNK6System14AnsiStringBaseneERKS0_ 0000000140009a80     rtle:dstring.o
 0001:00008ab0       _ZNK6System14AnsiStringBaseltERKS0_ 0000000140009ab0     rtle:dstring.o
 0001:00008ae0       _ZNK6System14AnsiStringBasegtERKS0_ 0000000140009ae0     rtle:dstring.o
 0001:00008b10       _ZNK6System14AnsiStringBase13AnsiCompareICERKS0_ 0000000140009b10     rtle:dstring.o
 0001:00008b20       _ZN6System14AnsiStringBase12StringOfCharEci 0000000140009b20     rtle:dstring.o
 0001:00008b80       _ZN6System14AnsiStringBase7LoadStrEii 0000000140009b80     rtle:dstring.o
 0001:00008c10       _ZN6System14AnsiStringBase7LoadStrEP11HINSTANCE__ii 0000000140009c10     rtle:dstring.o
 0001:00008c50       _ZN6System14AnsiStringBase11LoadStringAEP11HINSTANCE__ii 0000000140009c50     rtle:dstring.o
 0001:00008df0       _ZN6System14AnsiStringBase10FmtLoadStrEiPKNS_7TVarRecEii 0000000140009df0     rtle:dstring.o
 0001:00008e90       _ZN6System14AnsiStringBase6FormatERKS0_PKNS_7TVarRecEii 0000000140009e90     rtle:dstring.o
 0001:00008f00       _ZN6System14AnsiStringBase11FormatFloatERKS0_RKei 0000000140009f00     rtle:dstring.o
 0001:00008fc0       _ZN6System14AnsiStringBase7vprintfEiPKcPc 0000000140009fc0     rtle:dstring.o
 0001:00009030       _ZN6System14AnsiStringBase11cat_vprintfEiPKcPc 000000014000a030     rtle:dstring.o
 0001:000090b0       _ZN6System14AnsiStringBase11FloatToStrFEeNS0_18TStringFloatFormatEiii 000000014000a0b0     rtle:dstring.o
 0001:00009160       _ZN6System14AnsiStringBase8IntToHexEiii 000000014000a160     rtle:dstring.o
 0001:000091f0       _ZN6System14AnsiStringBase9CurrToStrERKNS_8CurrencyEi 000000014000a1f0     rtle:dstring.o
 0001:00009280       _ZN6System14AnsiStringBase10CurrToStrFERKNS_8CurrencyENS0_18TStringFloatFormatEii 000000014000a280     rtle:dstring.o
 0001:00009320       _ZNK6System14AnsiStringBase15WideCharBufSizeEi 000000014000a320     rtle:dstring.o
 0001:00009360       _ZNK6System14AnsiStringBase8WideCharEPwii 000000014000a360     rtle:dstring.o
 0001:000093a0       _ZN6System14AnsiStringBase7Insert1ERKS0_i 000000014000a3a0     rtle:dstring.o
 0001:000093c0       _ZN6System14AnsiStringBase7Insert0ERKS0_i 000000014000a3c0     rtle:dstring.o
 0001:00009510       _ZN6System14AnsiStringBase4swapERS0_ 000000014000a510     rtle:dstring.o
 0001:00009540       _ZN6System14AnsiStringBase7Delete1Eii 000000014000a540     rtle:dstring.o
 0001:00009560       _ZN6System14AnsiStringBase7Delete0Eii 000000014000a560     rtle:dstring.o
 0001:00009680       _ZNK6System14AnsiStringBase4Pos1ERKS0_ 000000014000a680     rtle:dstring.o
 0001:000096a0       _ZNK6System14AnsiStringBase4Pos0ERKS0_ 000000014000a6a0     rtle:dstring.o
 0001:000096c0       _ZNK6System14AnsiStringBase9LowerCaseEi 000000014000a6c0     rtle:dstring.o
 0001:00009720       _ZNK6System14AnsiStringBase9UpperCaseEi 000000014000a720     rtle:dstring.o
 0001:00009780       _ZNK6System14AnsiStringBase4TrimEi 000000014000a780     rtle:dstring.o
 0001:000097e0       _ZNK6System14AnsiStringBase8TrimLeftEi 000000014000a7e0     rtle:dstring.o
 0001:00009840       _ZNK6System14AnsiStringBase9TrimRightEi 000000014000a840     rtle:dstring.o
 0001:000098a0       _ZNK6System14AnsiStringBase10SubString1Eii 000000014000a8a0     rtle:dstring.o
 0001:00009950       _ZNK6System14AnsiStringBase10SubString0Eii 000000014000a950     rtle:dstring.o
 0001:000099f0       _ZNK6System14AnsiStringBase5ToIntEv 000000014000a9f0     rtle:dstring.o
 0001:00009a40       _ZNK6System14AnsiStringBase8ToIntDefEi 000000014000aa40     rtle:dstring.o
 0001:00009aa0       _ZNK6System14AnsiStringBase8ToDoubleEv 000000014000aaa0     rtle:dstring.o
 0001:00009b00       _ZNK6System14AnsiStringBase12IsDelimiter1ERKS0_i 000000014000ab00     rtle:dstring.o
 0001:00009b10       _ZNK6System14AnsiStringBase12IsDelimiter0ERKS0_i 000000014000ab10     rtle:dstring.o
 0001:00009ba0       _ZNK6System14AnsiStringBase8AnsiPos1ERKS0_ 000000014000aba0     rtle:dstring.o
 0001:00009bb0       _ZNK6System14AnsiStringBase8AnsiPos0ERKS0_ 000000014000abb0     rtle:dstring.o
 0001:00009bd0       _ZNK6System14AnsiStringBase16IsPathDelimiter1Ei 000000014000abd0     rtle:dstring.o
 0001:00009be0       _ZNK6System14AnsiStringBase16IsPathDelimiter0Ei 000000014000abe0     rtle:dstring.o
 0001:00009bf0       _ZNK6System14AnsiStringBase14LastDelimiter1ERKS0_ 000000014000abf0     rtle:dstring.o
 0001:00009c00       _ZNK6System14AnsiStringBase14LastDelimiter0ERKS0_ 000000014000ac00     rtle:dstring.o
 0001:00009c90       _ZNK6System14AnsiStringBase9ByteType1Ei 000000014000ac90     rtle:dstring.o
 0001:00009cb0       _ZNK6System14AnsiStringBase9ByteType0Ei 000000014000acb0     rtle:dstring.o
 0001:00009cd0       _ZNK6System14AnsiStringBase11IsLeadByte1Ei 000000014000acd0     rtle:dstring.o
 0001:00009cf0       _ZNK6System14AnsiStringBase11IsLeadByte0Ei 000000014000acf0     rtle:dstring.o
 0001:00009d10       _ZNK6System14AnsiStringBase12IsTrailByte1Ei 000000014000ad10     rtle:dstring.o
 0001:00009d30       _ZNK6System14AnsiStringBase12IsTrailByte0Ei 000000014000ad30     rtle:dstring.o
 0001:00009d50       _ZNK6System14AnsiStringBase7BytesOfEv 000000014000ad50     rtle:dstring.o
 0001:00009d70       _ZNK6System14AnsiStringBase12AnsiLastCharEv 000000014000ad70     rtle:dstring.o
 0001:00009da0       sprintf                    000000014000ada0     libucrt:lib64_libucrt_extra_a-ucrt_sprintf.o
 0001:00009e00       vsnprintf                  000000014000ae00     libucrt:lib64_libucrt_extra_a-ucrt_vsnprintf.o
 0001:00009e50       _ZN21Idhttpwebbrokerbridge17TIdHTTPAppRequestC3EPN9Idcontext10TIdContextEPN18Idcustomhttpserver18TIdHTTPRequestInfoEPNS4_19TIdHTTPResponseInfoE 000000014000ae50     IdHTTPWebBrokerBridge.o
 0001:0000a060       _ZN21Idhttpwebbrokerbridge17TIdHTTPAppRequestD0Ev 000000014000b060     IdHTTPWebBrokerBridge.o
 0001:0000a0d0       _ZN21Idhttpwebbrokerbridge17TIdHTTPAppRequest15GetDateVariableEi 000000014000b0d0     IdHTTPWebBrokerBridge.o
 0001:0000a170       _ZN21Idhttpwebbrokerbridge17TIdHTTPAppRequest18GetIntegerVariableEi 000000014000b170     IdHTTPWebBrokerBridge.o
 0001:0000a1f0       _ZN21Idhttpwebbrokerbridge17TIdHTTPAppRequest14GetRawPathInfoEv 000000014000b1f0     IdHTTPWebBrokerBridge.o
 0001:0000a220       _ZN21Idhttpwebbrokerbridge17TIdHTTPAppRequest11GetRemoteIPEv 000000014000b220     IdHTTPWebBrokerBridge.o
 0001:0000a250       _ZN21Idhttpwebbrokerbridge17TIdHTTPAppRequest13GetRawContentEv 000000014000b250     IdHTTPWebBrokerBridge.o
 0001:0000a330       _ZN21Idhttpwebbrokerbridge17TIdHTTPAppRequest17GetStringVariableEi 000000014000b330     IdHTTPWebBrokerBridge.o
 0001:0000ab30       _ZN21Idhttpwebbrokerbridge17TIdHTTPAppRequest14GetFieldByNameEN6System13UnicodeStringE 000000014000bb30     IdHTTPWebBrokerBridge.o
 0001:0000ab60       _ZN21Idhttpwebbrokerbridge17TIdHTTPAppRequest10ReadClientEPvi 000000014000bb60     IdHTTPWebBrokerBridge.o
 0001:0000ab80       _ZN21Idhttpwebbrokerbridge17TIdHTTPAppRequest10ReadStringEi 000000014000bb80     IdHTTPWebBrokerBridge.o
 0001:0000ac00       _ZN21Idhttpwebbrokerbridge17TIdHTTPAppRequest12TranslateURIEN6System13UnicodeStringE 000000014000bc00     IdHTTPWebBrokerBridge.o
 0001:0000ac20       _ZN21Idhttpwebbrokerbridge17TIdHTTPAppRequest12WriteHeadersEiN6System13UnicodeStringES2_ 000000014000bc20     IdHTTPWebBrokerBridge.o
 0001:0000ac80       _ZN21Idhttpwebbrokerbridge17TIdHTTPAppRequest11WriteStringEN6System13UnicodeStringE 000000014000bc80     IdHTTPWebBrokerBridge.o
 0001:0000acb0       _ZN21Idhttpwebbrokerbridge17TIdHTTPAppRequest11WriteClientEPvi 000000014000bcb0     IdHTTPWebBrokerBridge.o
 0001:0000ad70       _ZN21Idhttpwebbrokerbridge18TIdHTTPAppResponseC3EPN3Web7Httpapp11TWebRequestEPN9Idcontext10TIdContextEPN18Idcustomhttpserver18TIdHTTPRequestInfoEPNS8_19TIdHTTPResponseInfoE 000000014000bd70     IdHTTPWebBrokerBridge.o
 0001:0000af70       _ZN21Idhttpwebbrokerbridge18TIdHTTPAppResponse10GetContentEv 000000014000bf70     IdHTTPWebBrokerBridge.o
 0001:0000afa0       _ZN21Idhttpwebbrokerbridge18TIdHTTPAppResponse13GetLogMessageEv 000000014000bfa0     IdHTTPWebBrokerBridge.o
 0001:0000afc0       _ZN21Idhttpwebbrokerbridge18TIdHTTPAppResponse13GetStatusCodeEv 000000014000bfc0     IdHTTPWebBrokerBridge.o
 0001:0000afd0       _ZN21Idhttpwebbrokerbridge18TIdHTTPAppResponse15GetDateVariableEi 000000014000bfd0     IdHTTPWebBrokerBridge.o
 0001:0000b120       _ZN21Idhttpwebbrokerbridge18TIdHTTPAppResponse15SetDateVariableEiN6System9TDateTimeE 000000014000c120     IdHTTPWebBrokerBridge.o
 0001:0000b270       _ZN21Idhttpwebbrokerbridge18TIdHTTPAppResponse18GetIntegerVariableEi 000000014000c270     IdHTTPWebBrokerBridge.o
 0001:0000b360       _ZN21Idhttpwebbrokerbridge18TIdHTTPAppResponse18SetIntegerVariableEix 000000014000c360     IdHTTPWebBrokerBridge.o
 0001:0000b450       _ZN21Idhttpwebbrokerbridge18TIdHTTPAppResponse17GetStringVariableEi 000000014000c450     IdHTTPWebBrokerBridge.o
 0001:0000b7d0       _ZN21Idhttpwebbrokerbridge18TIdHTTPAppResponse17SetStringVariableEiN6System13UnicodeStringE 000000014000c7d0     IdHTTPWebBrokerBridge.o
 0001:0000bb50       _ZN21Idhttpwebbrokerbridge18TIdHTTPAppResponse12SendRedirectEN6System13UnicodeStringE 000000014000cb50     IdHTTPWebBrokerBridge.o
 0001:0000bb80       _ZN21Idhttpwebbrokerbridge18TIdHTTPAppResponse12SendResponseEv 000000014000cb80     IdHTTPWebBrokerBridge.o
 0001:0000bce0       _ZN21Idhttpwebbrokerbridge18TIdHTTPAppResponse10SendStreamEPN6System7Classes7TStreamE 000000014000cce0     IdHTTPWebBrokerBridge.o
 0001:0000bd10       _ZN21Idhttpwebbrokerbridge18TIdHTTPAppResponse4SentEv 000000014000cd10     IdHTTPWebBrokerBridge.o
 0001:0000bd20       _ZN21Idhttpwebbrokerbridge18TIdHTTPAppResponse10SetContentEN6System13UnicodeStringE 000000014000cd20     IdHTTPWebBrokerBridge.o
 0001:0000bd60       _ZN21Idhttpwebbrokerbridge18TIdHTTPAppResponse13SetLogMessageEN6System13UnicodeStringE 000000014000cd60     IdHTTPWebBrokerBridge.o
 0001:0000bd70       _ZN21Idhttpwebbrokerbridge18TIdHTTPAppResponse13SetStatusCodeEi 000000014000cd70     IdHTTPWebBrokerBridge.o
 0001:0000bd90       _ZN21Idhttpwebbrokerbridge18TIdHTTPAppResponse16SetContentStreamEPN6System7Classes7TStreamE 000000014000cd90     IdHTTPWebBrokerBridge.o
 0001:0000bdc0       _ZN21Idhttpwebbrokerbridge18TIdHTTPAppResponse27MoveCookiesAndCustomHeadersEv 000000014000cdc0     IdHTTPWebBrokerBridge.o
 0001:0000bf30       _ZN21Idhttpwebbrokerbridge22TIdHTTPWebBrokerBridge14DoCommandOtherEPN9Idcontext10TIdContextEPN18Idcustomhttpserver18TIdHTTPRequestInfoEPNS4_19TIdHTTPResponseInfoE 000000014000cf30     IdHTTPWebBrokerBridge.o
 0001:0000bf50       _ZN21Idhttpwebbrokerbridge22TIdHTTPWebBrokerBridge13InitComponentEv 000000014000cf50     IdHTTPWebBrokerBridge.o
 0001:0000bf60       _ZN6System8Generics11Collections14TEnumerator__1IPNS_7Classes15TCollectionItemEE12DoGetCurrentEv 000000014000cf60     IdHTTPWebBrokerBridge.o
 0001:0000bf70       _ZN6System8Generics11Collections14TEnumerator__1IPNS_7Classes15TCollectionItemEE10DoMoveNextEv 000000014000cf70     IdHTTPWebBrokerBridge.o
 0001:0000bf80       _ZN6System8Generics11Collections14TEnumerable__1IPNS_7Classes15TCollectionItemEE15DoGetEnumeratorEv 000000014000cf80     IdHTTPWebBrokerBridge.o
 0001:0000bf90       _ZN21Idhttpwebbrokerbridge36TIdHTTPWebBrokerBridgeRequestHandlerv04cctrEv 000000014000cf90     IdHTTPWebBrokerBridge.o
 0001:0000bfa0       _ZN21Idhttpwebbrokerbridge36TIdHTTPWebBrokerBridgeRequestHandlerv04cdtrEv 000000014000cfa0     IdHTTPWebBrokerBridge.o
 0001:0000bff0       _ZN21Idhttpwebbrokerbridge22TIdHTTPWebBrokerBridge12DoCommandGetEPN9Idcontext10TIdContextEPN18Idcustomhttpserver18TIdHTTPRequestInfoEPNS4_19TIdHTTPResponseInfoE 000000014000cff0     IdHTTPWebBrokerBridge.o
 0001:0000c020       _ZN21Idhttpwebbrokerbridge22TIdHTTPWebBrokerBridge17RunWebModuleClassEPN9Idcontext10TIdContextEPN18Idcustomhttpserver18TIdHTTPRequestInfoEPNS4_19TIdHTTPResponseInfoE 000000014000d020     IdHTTPWebBrokerBridge.o
 0001:0000c2c0       _ZN21Idhttpwebbrokerbridge22TIdHTTPWebBrokerBridge22RegisterWebModuleClassEN6System7Classes15TComponentClassE 000000014000d2c0     IdHTTPWebBrokerBridge.o
 0001:0000c2d0       _ZN21Idhttpwebbrokerbridge12FinalizationEv 000000014000d2d0     IdHTTPWebBrokerBridge.o
 0001:0000c2e0       _ZN21Idhttpwebbrokerbridge14initializationEv 000000014000d2e0     IdHTTPWebBrokerBridge.o
 0001:0000c310       _ZN6System8Generics11Collections14TEnumerable__1IPNS_7Classes15TCollectionItemEE11ToArrayImplEx 000000014000d310     IdHTTPWebBrokerBridge.o
 0001:0000c400       _ZN6System8Generics11Collections14TEnumerable__1IPNS_7Classes15TCollectionItemEED0Ev 000000014000d400     IdHTTPWebBrokerBridge.o
 0001:0000c440       _ZN6System8Generics11Collections14TEnumerable__1IPNS_7Classes15TCollectionItemEE13GetEnumeratorEv 000000014000d440     IdHTTPWebBrokerBridge.o
 0001:0000c460       _ZN6System8Generics11Collections14TEnumerable__1IPNS_7Classes15TCollectionItemEE7ToArrayEv 000000014000d460     IdHTTPWebBrokerBridge.o
 0001:0000c630       _ZN6System8Generics11Collections14TEnumerator__1IPNS_7Classes15TCollectionItemEE8MoveNextEv 000000014000d630     IdHTTPWebBrokerBridge.o
 0001:0000c650       _ZN6System8Generics11Collections8TList__1IPNS_7Classes15TCollectionItemEE11FListHelperEv 000000014000d650     IdHTTPWebBrokerBridge.o
 0001:0000c660       _ZN6System8Generics11Collections8TList__1IPNS_7Classes15TCollectionItemEE7GetListEv 000000014000d660     IdHTTPWebBrokerBridge.o
 0001:0000c690       _ZN6System8Generics11Collections8TList__1IPNS_7Classes15TCollectionItemEE8GetPListEv 000000014000d690     IdHTTPWebBrokerBridge.o
 0001:0000c6a0       _ZN6System8Generics11Collections8TList__1IPNS_7Classes15TCollectionItemEE11GetCapacityEv 000000014000d6a0     IdHTTPWebBrokerBridge.o
 0001:0000c6b0       _ZN6System8Generics11Collections8TList__1IPNS_7Classes15TCollectionItemEE11SetCapacityEx 000000014000d6b0     IdHTTPWebBrokerBridge.o
 0001:0000c6f0       _ZN6System8Generics11Collections8TList__1IPNS_7Classes15TCollectionItemEE8SetCountEx 000000014000d6f0     IdHTTPWebBrokerBridge.o
 0001:0000c710       _ZN6System8Generics11Collections8TList__1IPNS_7Classes15TCollectionItemEE10GetIsEmptyEv 000000014000d710     IdHTTPWebBrokerBridge.o
 0001:0000c720       _ZN6System8Generics11Collections8TList__1IPNS_7Classes15TCollectionItemEE14CheckItemRangeEx 000000014000d720     IdHTTPWebBrokerBridge.o
 0001:0000c750       _ZN6System8Generics11Collections8TList__1IPNS_7Classes15TCollectionItemEE7GetItemEx 000000014000d750     IdHTTPWebBrokerBridge.o
 0001:0000c790       _ZN6System8Generics11Collections8TList__1IPNS_7Classes15TCollectionItemEE7SetItemExS5_ 000000014000d790     IdHTTPWebBrokerBridge.o
 0001:0000c7c0       _ZN6System8Generics11Collections8TList__1IPNS_7Classes15TCollectionItemEE9GrowCheckEx 000000014000d7c0     IdHTTPWebBrokerBridge.o
 0001:0000c7e0       _ZN6System8Generics11Collections8TList__1IPNS_7Classes15TCollectionItemEE8DoDeleteExNS1_23TCollectionNotificationE 000000014000d7e0     IdHTTPWebBrokerBridge.o
 0001:0000c800       _ZN6System8Generics11Collections8TList__1IPNS_7Classes15TCollectionItemEE14InternalNotifyEPKvNS1_23TCollectionNotificationE 000000014000d800     IdHTTPWebBrokerBridge.o
 0001:0000c820       _ZN6System8Generics11Collections8TList__1IPNS_7Classes15TCollectionItemEE12UpdateNotifyEv 000000014000d820     IdHTTPWebBrokerBridge.o
 0001:0000c870       _ZN6System8Generics11Collections8TList__1IPNS_7Classes15TCollectionItemEE11SetOnNotifyEU9__closurePFvPNS_7TObjectES5_NS1_23TCollectionNotificationEE 000000014000d870     IdHTTPWebBrokerBridge.o
 0001:0000c890       _ZN6System8Generics11Collections8TList__1IPNS_7Classes15TCollectionItemEE15InternalCompareEPKvS8_ 000000014000d890     IdHTTPWebBrokerBridge.o
 0001:0000c8b0       _ZN6System8Generics11Collections8TList__1IPNS_7Classes15TCollectionItemEE14UpdateComparerENS_15DelphiInterfaceINS0_8Defaults12IComparer__1IS5_EEEE 000000014000d8b0     IdHTTPWebBrokerBridge.o
 0001:0000c910       _ZN6System8Generics11Collections8TList__1IPNS_7Classes15TCollectionItemEE9ItemValueES5_ 000000014000d910     IdHTTPWebBrokerBridge.o
 0001:0000c980       _ZN6System8Generics11Collections8TList__1IPNS_7Classes15TCollectionItemEE15DoGetEnumeratorEv 000000014000d980     IdHTTPWebBrokerBridge.o
 0001:0000c9a0       _ZN6System8Generics11Collections8TList__1IPNS_7Classes15TCollectionItemEE6NotifyES5_NS1_23TCollectionNotificationE 000000014000d9a0     IdHTTPWebBrokerBridge.o
 0001:0000c9d0       _ZN6System8Generics11Collections8TList__1IPNS_7Classes15TCollectionItemEEC3Ev 000000014000d9d0     IdHTTPWebBrokerBridge.o
 0001:0000ca70       _ZN6System8Generics11Collections8TList__1IPNS_7Classes15TCollectionItemEEC3ENS_15DelphiInterfaceINS0_8Defaults12IComparer__1IS5_EEEE 000000014000da70     IdHTTPWebBrokerBridge.o
 0001:0000cb40       _ZN6System8Generics11Collections8TList__1IPNS_7Classes15TCollectionItemEEC3EPNS1_14TEnumerable__1IS5_EE 000000014000db40     IdHTTPWebBrokerBridge.o
 0001:0000cbf0       _ZN6System8Generics11Collections8TList__1IPNS_7Classes15TCollectionItemEEC3ENS_15DelphiInterfaceINS_14IEnumerable__1IS5_EEEE 000000014000dbf0     IdHTTPWebBrokerBridge.o
 0001:0000cca0       _ZN6System8Generics11Collections8TList__1IPNS_7Classes15TCollectionItemEEC3EPKS5_x 000000014000dca0     IdHTTPWebBrokerBridge.o
 0001:0000cd50       _ZN6System8Generics11Collections8TList__1IPNS_7Classes15TCollectionItemEED0Ev 000000014000dd50     IdHTTPWebBrokerBridge.o
 0001:0000cdb0       _ZN6System8Generics11Collections8TList__1IPNS_7Classes15TCollectionItemEE5ErrorENS_13UnicodeStringEx 000000014000ddb0     IdHTTPWebBrokerBridge.o
 0001:0000ce00       _ZN6System8Generics11Collections8TList__1IPNS_7Classes15TCollectionItemEE5ErrorEPNS_13TResStringRecEx 000000014000de00     IdHTTPWebBrokerBridge.o
 0001:0000cea0       _ZN6System8Generics11Collections8TList__1IPNS_7Classes15TCollectionItemEE3AddES5_ 000000014000dea0     IdHTTPWebBrokerBridge.o
 0001:0000cec0       _ZN6System8Generics11Collections8TList__1IPNS_7Classes15TCollectionItemEE8AddRangeEPKS5_x 000000014000dec0     IdHTTPWebBrokerBridge.o
 0001:0000cef0       _ZN6System8Generics11Collections8TList__1IPNS_7Classes15TCollectionItemEE8AddRangeENS_15DelphiInterfaceINS_14IEnumerable__1IS5_EEEE 000000014000def0     IdHTTPWebBrokerBridge.o
 0001:0000cf20       _ZN6System8Generics11Collections8TList__1IPNS_7Classes15TCollectionItemEE8AddRangeEPNS1_14TEnumerable__1IS5_EE 000000014000df20     IdHTTPWebBrokerBridge.o
 0001:0000cf50       _ZN6System8Generics11Collections8TList__1IPNS_7Classes15TCollectionItemEE6InsertExS5_ 000000014000df50     IdHTTPWebBrokerBridge.o
 0001:0000cf70       _ZN6System8Generics11Collections8TList__1IPNS_7Classes15TCollectionItemEE11InsertRangeExPKS5_xx 000000014000df70     IdHTTPWebBrokerBridge.o
 0001:0000cfa0       _ZN6System8Generics11Collections8TList__1IPNS_7Classes15TCollectionItemEE11InsertRangeExPKS5_x 000000014000dfa0     IdHTTPWebBrokerBridge.o
 0001:0000cfd0       _ZN6System8Generics11Collections8TList__1IPNS_7Classes15TCollectionItemEE11InsertRangeExNS_15DelphiInterfaceINS_14IEnumerable__1IS5_EEEE 000000014000dfd0     IdHTTPWebBrokerBridge.o
 0001:0000d0c0       _ZN6System8Generics11Collections8TList__1IPNS_7Classes15TCollectionItemEE11InsertRangeExPNS1_14TEnumerable__1IS5_EE 000000014000e0c0     IdHTTPWebBrokerBridge.o
 0001:0000d230       _ZN6System8Generics11Collections8TList__1IPNS_7Classes15TCollectionItemEE4PackEv 000000014000e230     IdHTTPWebBrokerBridge.o
 0001:0000d300       _ZN6System8Generics11Collections8TList__1IPNS_7Classes15TCollectionItemEE4PackENS_15DelphiInterfaceINS6_10TEmptyFuncEEE 000000014000e300     IdHTTPWebBrokerBridge.o
 0001:0000d3d0       _ZN6System8Generics11Collections8TList__1IPNS_7Classes15TCollectionItemEE6RemoveES5_ 000000014000e3d0     IdHTTPWebBrokerBridge.o
 0001:0000d400       _ZN6System8Generics11Collections8TList__1IPNS_7Classes15TCollectionItemEE10RemoveItemES5_NS_5Types10TDirectionE 000000014000e400     IdHTTPWebBrokerBridge.o
 0001:0000d440       _ZN6System8Generics11Collections8TList__1IPNS_7Classes15TCollectionItemEE6DeleteEx 000000014000e440     IdHTTPWebBrokerBridge.o
 0001:0000d460       _ZN6System8Generics11Collections8TList__1IPNS_7Classes15TCollectionItemEE11DeleteRangeExx 000000014000e460     IdHTTPWebBrokerBridge.o
 0001:0000d480       _ZN6System8Generics11Collections8TList__1IPNS_7Classes15TCollectionItemEE11ExtractItemES5_NS_5Types10TDirectionE 000000014000e480     IdHTTPWebBrokerBridge.o
 0001:0000d4d0       _ZN6System8Generics11Collections8TList__1IPNS_7Classes15TCollectionItemEE7ExtractES5_ 000000014000e4d0     IdHTTPWebBrokerBridge.o
 0001:0000d510       _ZN6System8Generics11Collections8TList__1IPNS_7Classes15TCollectionItemEE9ExtractAtEx 000000014000e510     IdHTTPWebBrokerBridge.o
 0001:0000d560       _ZN6System8Generics11Collections8TList__1IPNS_7Classes15TCollectionItemEE8ExchangeExx 000000014000e560     IdHTTPWebBrokerBridge.o
 0001:0000d580       _ZN6System8Generics11Collections8TList__1IPNS_7Classes15TCollectionItemEE4MoveExx 000000014000e580     IdHTTPWebBrokerBridge.o
 0001:0000d5a0       _ZN6System8Generics11Collections8TList__1IPNS_7Classes15TCollectionItemEE5FirstEv 000000014000e5a0     IdHTTPWebBrokerBridge.o
 0001:0000d5d0       _ZN6System8Generics11Collections8TList__1IPNS_7Classes15TCollectionItemEE4LastEv 000000014000e5d0     IdHTTPWebBrokerBridge.o
 0001:0000d610       _ZN6System8Generics11Collections8TList__1IPNS_7Classes15TCollectionItemEE5ClearEv 000000014000e610     IdHTTPWebBrokerBridge.o
 0001:0000d630       _ZN6System8Generics11Collections8TList__1IPNS_7Classes15TCollectionItemEE6ExpandEv 000000014000e630     IdHTTPWebBrokerBridge.o
 0001:0000d670       _ZN6System8Generics11Collections8TList__1IPNS_7Classes15TCollectionItemEE8ContainsES5_ 000000014000e670     IdHTTPWebBrokerBridge.o
 0001:0000d6a0       _ZN6System8Generics11Collections8TList__1IPNS_7Classes15TCollectionItemEE7IndexOfES5_ 000000014000e6a0     IdHTTPWebBrokerBridge.o
 0001:0000d6d0       _ZN6System8Generics11Collections8TList__1IPNS_7Classes15TCollectionItemEE11IndexOfItemES5_NS_5Types10TDirectionE 000000014000e6d0     IdHTTPWebBrokerBridge.o
 0001:0000d710       _ZN6System8Generics11Collections8TList__1IPNS_7Classes15TCollectionItemEE11LastIndexOfES5_ 000000014000e710     IdHTTPWebBrokerBridge.o
 0001:0000d740       _ZN6System8Generics11Collections8TList__1IPNS_7Classes15TCollectionItemEE7ReverseEv 000000014000e740     IdHTTPWebBrokerBridge.o
 0001:0000d760       _ZN6System8Generics11Collections8TList__1IPNS_7Classes15TCollectionItemEE4SortEv 000000014000e760     IdHTTPWebBrokerBridge.o
 0001:0000d7a0       _ZN6System8Generics11Collections8TList__1IPNS_7Classes15TCollectionItemEE4SortENS_15DelphiInterfaceINS0_8Defaults12IComparer__1IS5_EEEE 000000014000e7a0     IdHTTPWebBrokerBridge.o
 0001:0000d7e0       _ZN6System8Generics11Collections8TList__1IPNS_7Classes15TCollectionItemEE4SortENS_15DelphiInterfaceINS0_8Defaults12IComparer__1IS5_EEEExx 000000014000e7e0     IdHTTPWebBrokerBridge.o
 0001:0000d820       _ZN6System8Generics11Collections8TList__1IPNS_7Classes15TCollectionItemEE12BinarySearchES5_Rx 000000014000e820     IdHTTPWebBrokerBridge.o
 0001:0000d880       _ZN6System8Generics11Collections8TList__1IPNS_7Classes15TCollectionItemEE12BinarySearchES5_RxNS_15DelphiInterfaceINS0_8Defaults12IComparer__1IS5_EEEE 000000014000e880     IdHTTPWebBrokerBridge.o
 0001:0000d8e0       _ZN6System8Generics11Collections8TList__1IPNS_7Classes15TCollectionItemEE12BinarySearchES5_RxNS_15DelphiInterfaceINS0_8Defaults12IComparer__1IS5_EEEExx 000000014000e8e0     IdHTTPWebBrokerBridge.o
 0001:0000d940       _ZN6System8Generics11Collections8TList__1IPNS_7Classes15TCollectionItemEE12BinarySearchES5_Ri 000000014000e940     IdHTTPWebBrokerBridge.o
 0001:0000d9a0       _ZN6System8Generics11Collections8TList__1IPNS_7Classes15TCollectionItemEE12BinarySearchES5_RiNS_15DelphiInterfaceINS0_8Defaults12IComparer__1IS5_EEEE 000000014000e9a0     IdHTTPWebBrokerBridge.o
 0001:0000d9f0       _ZN6System8Generics11Collections8TList__1IPNS_7Classes15TCollectionItemEE12BinarySearchES5_RiNS_15DelphiInterfaceINS0_8Defaults12IComparer__1IS5_EEEEii 000000014000e9f0     IdHTTPWebBrokerBridge.o
 0001:0000da40       _ZN6System8Generics11Collections8TList__1IPNS_7Classes15TCollectionItemEE10TrimExcessEv 000000014000ea40     IdHTTPWebBrokerBridge.o
 0001:0000da60       _ZN6System8Generics11Collections8TList__1IPNS_7Classes15TCollectionItemEE7ToArrayEv 000000014000ea60     IdHTTPWebBrokerBridge.o
 0001:0000da90       _ZN6System8Generics11Collections8TList__1IPNS_7Classes15TCollectionItemEE13GetEnumeratorEv 000000014000ea90     IdHTTPWebBrokerBridge.o
 0001:0000dab0       _ZN6System8Generics11Collections8TList__1IPNS_7Classes15TCollectionItemEE11TEnumerator10GetCurrentEv 000000014000eab0     IdHTTPWebBrokerBridge.o
 0001:0000dad0       _ZN6System8Generics11Collections8TList__1IPNS_7Classes15TCollectionItemEE11TEnumerator12DoGetCurrentEv 000000014000ead0     IdHTTPWebBrokerBridge.o
 0001:0000db00       _ZN6System8Generics11Collections8TList__1IPNS_7Classes15TCollectionItemEE11TEnumerator10DoMoveNextEv 000000014000eb00     IdHTTPWebBrokerBridge.o
 0001:0000db20       _ZN6System8Generics11Collections8TList__1IPNS_7Classes15TCollectionItemEE11TEnumeratorC3EPS6_ 000000014000eb20     IdHTTPWebBrokerBridge.o
 0001:0000dbe0       _ZN6System8Generics11Collections8TList__1IPNS_7Classes15TCollectionItemEE11TEnumerator8MoveNextEv 000000014000ebe0     IdHTTPWebBrokerBridge.o
 0001:0000dc00       _ZN6System8Generics8Defaults12TComparer__1IPNS_7Classes15TCollectionItemEE13EQOperCompareEPvS5_S5_ 000000014000ec00     IdHTTPWebBrokerBridge.o
 0001:0000dc40       _ZN6System8Generics8Defaults12TComparer__1IPNS_7Classes15TCollectionItemEE25TryUseRecEqualityOperatorEv 000000014000ec40     IdHTTPWebBrokerBridge.o
 0001:0000dcd0       _ZN6System8Generics8Defaults12TComparer__1IPNS_7Classes15TCollectionItemEE8_DefaultEv 000000014000ecd0     IdHTTPWebBrokerBridge.o
 0001:0000dcf0       _ZN6System8Generics8Defaults12TComparer__1IPNS_7Classes15TCollectionItemEE10_ConstructENS_15DelphiInterfaceINS1_14TComparison__1IS5_EEEE 000000014000ecf0     IdHTTPWebBrokerBridge.o
 0001:0000dd00       _ZN6System8Generics8Defaults12TComparer__1IPNS_7Classes15TCollectionItemEE7DefaultEv 000000014000ed00     IdHTTPWebBrokerBridge.o
 0001:0000dd30       _ZN6System8Generics8Defaults12TComparer__1IPNS_7Classes15TCollectionItemEE9ConstructENS_15DelphiInterfaceINS1_14TComparison__1IS5_EEEE 000000014000ed30     IdHTTPWebBrokerBridge.o
 0001:0000dd60       _ZN6System8Generics11Collections24@TList__1_Pack_1__ActRecIPNS_7Classes15TCollectionItemEE7_0_BodyEPKv 000000014000ed60     IdHTTPWebBrokerBridge.o
 0001:0000dd90       _ZN6System8Generics11Collections24@TList__1_Pack_0__ActRecIPNS_7Classes15TCollectionItemEE7_0_BodyEPKv 000000014000ed90     IdHTTPWebBrokerBridge.o
 0001:0000ddb0       _ZN6System8Generics11Collections6TArray4SortIPNS_7Classes15TCollectionItemEEEvPT_xNS_15DelphiInterfaceINS0_8Defaults12IComparer__1IS8_EEEExx 000000014000edb0     IdHTTPWebBrokerBridge.o
 0001:0000de40       _ZN6System8Generics11Collections6TArray12BinarySearchIPNS_7Classes15TCollectionItemEEEbPKT_xS8_RxNS_15DelphiInterfaceINS0_8Defaults12IComparer__1IS8_EEEExx 000000014000ee40     IdHTTPWebBrokerBridge.o
 0001:0000def0       _ZN6System8Generics11Collections6TArray12BinarySearchIPNS_7Classes15TCollectionItemEEEbPKT_xS8_RiNS_15DelphiInterfaceINS0_8Defaults12IComparer__1IS8_EEEEii 000000014000eef0     IdHTTPWebBrokerBridge.o
 0001:0000dfc0       _ZN6System8Generics11Collections6TArray9QuickSortIPNS_7Classes15TCollectionItemEEEvPT_xNS_15DelphiInterfaceINS0_8Defaults12IComparer__1IS8_EEEExx 000000014000efc0     IdHTTPWebBrokerBridge.o
 0001:0000e1a0       _ZN6System8Generics11Collections6TArray14DoBinarySearchIPNS_7Classes15TCollectionItemEEEbPKT_xS8_RxNS_15DelphiInterfaceINS0_8Defaults12IComparer__1IS8_EEEExx 000000014000f1a0     IdHTTPWebBrokerBridge.o
 0001:0000e260       _ZN6System8Generics8Defaults12TComparer__1IPNS_7Classes15TCollectionItemEE7CompareES5_S5_ 000000014000f260     IdHTTPWebBrokerBridge.o
 0001:0000e8e0       _ZN6System8Internal7Initcpp15InitializeUnitsEPNS1_20TUnitDescriptorBlockES3_ 000000014000f8e0     rtl:System.Internal.InitCPP.o
 0001:0000e930       _ZN6System8Internal7Initcpp13FinalizeUnitsEPNS1_20TUnitDescriptorBlockES3_ 000000014000f930     rtl:System.Internal.InitCPP.o
 0001:0000e980       _ZN6System8Internal7Initcpp15InitializeUnitsEPPNS1_20TUnitDescriptorBlockES4_ 000000014000f980     rtl:System.Internal.InitCPP.o
[...]
 0004:000012f0       $pdata$_ZN6System8Generics11Collections14TEnumerator__1IPNS_7Classes15TCollectionItemEE8MoveNextEv 000000014002a2f0     IdHTTPWebBrokerBridge.o
 0004:000012fc       $pdata$_ZN6System8Generics11Collections8TList__1IPNS_7Classes15TCollectionItemEE11FListHelperEv 000000014002a2fc     IdHTTPWebBrokerBridge.o
 0004:00001308       $pdata$_ZN6System8Generics11Collections8TList__1IPNS_7Classes15TCollectionItemEE7GetListEv 000000014002a308     IdHTTPWebBrokerBridge.o
 0004:00001314       $pdata$_ZN6System8Generics11Collections8TList__1IPNS_7Classes15TCollectionItemEE8GetPListEv 000000014002a314     IdHTTPWebBrokerBridge.o
 0004:00001320       $pdata$_ZN6System8Generics11Collections8TList__1IPNS_7Classes15TCollectionItemEE11GetCapacityEv 000000014002a320     IdHTTPWebBrokerBridge.o
 0004:0000132c       $pdata$_ZN6System8Generics11Collections8TList__1IPNS_7Classes15TCollectionItemEE11SetCapacityEx 000000014002a32c     IdHTTPWebBrokerBridge.o
 0004:00001338       $pdata$_ZN6System8Generics11Collections8TList__1IPNS_7Classes15TCollectionItemEE8SetCountEx 000000014002a338     IdHTTPWebBrokerBridge.o
 0004:00001344       $pdata$_ZN6System8Generics11Collections8TList__1IPNS_7Classes15TCollectionItemEE10GetIsEmptyEv 000000014002a344     IdHTTPWebBrokerBridge.o
 0004:00001350       $pdata$_ZN6System8Generics11Collections8TList__1IPNS_7Classes15TCollectionItemEE14CheckItemRangeEx 000000014002a350     IdHTTPWebBrokerBridge.o
 0004:0000135c       $pdata$_ZN6System8Generics11Collections8TList__1IPNS_7Classes15TCollectionItemEE7GetItemEx 000000014002a35c     IdHTTPWebBrokerBridge.o
 0004:00001368       $pdata$_ZN6System8Generics11Collections8TList__1IPNS_7Classes15TCollectionItemEE7SetItemExS5_ 000000014002a368     IdHTTPWebBrokerBridge.o
 0004:00001374       $pdata$_ZN6System8Generics11Collections8TList__1IPNS_7Classes15TCollectionItemEE9GrowCheckEx 000000014002a374     IdHTTPWebBrokerBridge.o
 0004:00001380       $pdata$_ZN6System8Generics11Collections8TList__1IPNS_7Classes15TCollectionItemEE8DoDeleteExNS1_23TCollectionNotificationE 000000014002a380     IdHTTPWebBrokerBridge.o
 0004:0000138c       $pdata$_ZN6System8Generics11Collections8TList__1IPNS_7Classes15TCollectionItemEE14InternalNotifyEPKvNS1_23TCollectionNotificationE 000000014002a38c     IdHTTPWebBrokerBridge.o
 0004:00001398       $pdata$_ZN6System8Generics11Collections8TList__1IPNS_7Classes15TCollectionItemEE12UpdateNotifyEv 000000014002a398     IdHTTPWebBrokerBridge.o
 0004:000013a4       $pdata$_ZN6System8Generics11Collections8TList__1IPNS_7Classes15TCollectionItemEE11SetOnNotifyEU9__closurePFvPNS_7TObjectES5_NS1_23TCollectionNotificationEE 000000014002a3a4     IdHTTPWebBrokerBridge.o
 0004:000013b0       $pdata$_ZN6System8Generics11Collections8TList__1IPNS_7Classes15TCollectionItemEE15InternalCompareEPKvS8_ 000000014002a3b0     IdHTTPWebBrokerBridge.o
 0004:000013bc       $pdata$_ZN6System8Generics11Collections8TList__1IPNS_7Classes15TCollectionItemEE14UpdateComparerENS_15DelphiInterfaceINS0_8Defaults12IComparer__1IS5_EEEE 000000014002a3bc     IdHTTPWebBrokerBridge.o
 0004:000013c8       $pdata$_ZN6System8Generics11Collections8TList__1IPNS_7Classes15TCollectionItemEE9ItemValueES5_ 000000014002a3c8     IdHTTPWebBrokerBridge.o
 0004:000013d4       $pdata$_ZN6System8Generics11Collections8TList__1IPNS_7Classes15TCollectionItemEE15DoGetEnumeratorEv 000000014002a3d4     IdHTTPWebBrokerBridge.o
 0004:000013e0       $pdata$_ZN6System8Generics11Collections8TList__1IPNS_7Classes15TCollectionItemEE6NotifyES5_NS1_23TCollectionNotificationE 000000014002a3e0     IdHTTPWebBrokerBridge.o
 0004:000013ec       $pdata$_ZN6System8Generics11Collections8TList__1IPNS_7Classes15TCollectionItemEEC3Ev 000000014002a3ec     IdHTTPWebBrokerBridge.o
 0004:00001404       $pdata$_ZN6System8Generics11Collections8TList__1IPNS_7Classes15TCollectionItemEEC3ENS_15DelphiInterfaceINS0_8Defaults12IComparer__1IS5_EEEE 000000014002a404     IdHTTPWebBrokerBridge.o
 0004:0000141c       $pdata$_ZN6System8Generics11Collections8TList__1IPNS_7Classes15TCollectionItemEEC3EPNS1_14TEnumerable__1IS5_EE 000000014002a41c     IdHTTPWebBrokerBridge.o
 0004:00001434       $pdata$_ZN6System8Generics11Collections8TList__1IPNS_7Classes15TCollectionItemEEC3ENS_15DelphiInterfaceINS_14IEnumerable__1IS5_EEEE 000000014002a434     IdHTTPWebBrokerBridge.o
 0004:0000144c       $pdata$_ZN6System8Generics11Collections8TList__1IPNS_7Classes15TCollectionItemEEC3EPKS5_x 000000014002a44c     IdHTTPWebBrokerBridge.o
 0004:00001464       $pdata$_ZN6System8Generics11Collections8TList__1IPNS_7Classes15TCollectionItemEED0Ev 000000014002a464     IdHTTPWebBrokerBridge.o
 0004:00001470       $pdata$_ZN6System8Generics11Collections8TList__1IPNS_7Classes15TCollectionItemEE5ErrorENS_13UnicodeStringEx 000000014002a470     IdHTTPWebBrokerBridge.o
 0004:0000147c       $pdata$_ZN6System8Generics11Collections8TList__1IPNS_7Classes15TCollectionItemEE5ErrorEPNS_13TResStringRecEx 000000014002a47c     IdHTTPWebBrokerBridge.o
 0004:00001494       $pdata$_ZN6System8Generics11Collections8TList__1IPNS_7Classes15TCollectionItemEE3AddES5_ 000000014002a494     IdHTTPWebBrokerBridge.o
 0004:000014a0       $pdata$_ZN6System8Generics11Collections8TList__1IPNS_7Classes15TCollectionItemEE8AddRangeEPKS5_x 000000014002a4a0     IdHTTPWebBrokerBridge.o
 0004:000014ac       $pdata$_ZN6System8Generics11Collections8TList__1IPNS_7Classes15TCollectionItemEE8AddRangeENS_15DelphiInterfaceINS_14IEnumerable__1IS5_EEEE 000000014002a4ac     IdHTTPWebBrokerBridge.o
 0004:000014b8       $pdata$_ZN6System8Generics11Collections8TList__1IPNS_7Classes15TCollectionItemEE8AddRangeEPNS1_14TEnumerable__1IS5_EE 000000014002a4b8     IdHTTPWebBrokerBridge.o
 0004:000014c4       $pdata$_ZN6System8Generics11Collections8TList__1IPNS_7Classes15TCollectionItemEE6InsertExS5_ 000000014002a4c4     IdHTTPWebBrokerBridge.o
 0004:000014d0       $pdata$_ZN6System8Generics11Collections8TList__1IPNS_7Classes15TCollectionItemEE11InsertRangeExPKS5_xx 000000014002a4d0     IdHTTPWebBrokerBridge.o
 0004:000014dc       $pdata$_ZN6System8Generics11Collections8TList__1IPNS_7Classes15TCollectionItemEE11InsertRangeExPKS5_x 000000014002a4dc     IdHTTPWebBrokerBridge.o
 0004:000014e8       $pdata$_ZN6System8Generics11Collections8TList__1IPNS_7Classes15TCollectionItemEE11InsertRangeExNS_15DelphiInterfaceINS_14IEnumerable__1IS5_EEEE 000000014002a4e8     IdHTTPWebBrokerBridge.o
 0004:0000150c       $pdata$_ZN6System8Generics11Collections8TList__1IPNS_7Classes15TCollectionItemEE11InsertRangeExPNS1_14TEnumerable__1IS5_EE 000000014002a50c     IdHTTPWebBrokerBridge.o
 0004:00001524       $pdata$_ZN6System8Generics11Collections8TList__1IPNS_7Classes15TCollectionItemEE4PackEv 000000014002a524     IdHTTPWebBrokerBridge.o
 0004:0000153c       $pdata$_ZN6System8Generics11Collections8TList__1IPNS_7Classes15TCollectionItemEE4PackENS_15DelphiInterfaceINS6_10TEmptyFuncEEE 000000014002a53c     IdHTTPWebBrokerBridge.o
 0004:00001554       $pdata$_ZN6System8Generics11Collections8TList__1IPNS_7Classes15TCollectionItemEE6RemoveES5_ 000000014002a554     IdHTTPWebBrokerBridge.o
 0004:00001560       $pdata$_ZN6System8Generics11Collections8TList__1IPNS_7Classes15TCollectionItemEE10RemoveItemES5_NS_5Types10TDirectionE 000000014002a560     IdHTTPWebBrokerBridge.o
 0004:0000156c       $pdata$_ZN6System8Generics11Collections8TList__1IPNS_7Classes15TCollectionItemEE6DeleteEx 000000014002a56c     IdHTTPWebBrokerBridge.o
 0004:00001578       $pdata$_ZN6System8Generics11Collections8TList__1IPNS_7Classes15TCollectionItemEE11DeleteRangeExx 000000014002a578     IdHTTPWebBrokerBridge.o
 0004:00001584       $pdata$_ZN6System8Generics11Collections8TList__1IPNS_7Classes15TCollectionItemEE11ExtractItemES5_NS_5Types10TDirectionE 000000014002a584     IdHTTPWebBrokerBridge.o
 0004:00001590       $pdata$_ZN6System8Generics11Collections8TList__1IPNS_7Classes15TCollectionItemEE7ExtractES5_ 000000014002a590     IdHTTPWebBrokerBridge.o
 0004:0000159c       $pdata$_ZN6System8Generics11Collections8TList__1IPNS_7Classes15TCollectionItemEE9ExtractAtEx 000000014002a59c     IdHTTPWebBrokerBridge.o
 0004:000015a8       $pdata$_ZN6System8Generics11Collections8TList__1IPNS_7Classes15TCollectionItemEE8ExchangeExx 000000014002a5a8     IdHTTPWebBrokerBridge.o
 0004:000015b4       $pdata$_ZN6System8Generics11Collections8TList__1IPNS_7Classes15TCollectionItemEE4MoveExx 000000014002a5b4     IdHTTPWebBrokerBridge.o
 0004:000015c0       $pdata$_ZN6System8Generics11Collections8TList__1IPNS_7Classes15TCollectionItemEE5FirstEv 000000014002a5c0     IdHTTPWebBrokerBridge.o
 0004:000015cc       $pdata$_ZN6System8Generics11Collections8TList__1IPNS_7Classes15TCollectionItemEE4LastEv 000000014002a5cc     IdHTTPWebBrokerBridge.o
 0004:000015d8       $pdata$_ZN6System8Generics11Collections8TList__1IPNS_7Classes15TCollectionItemEE5ClearEv 000000014002a5d8     IdHTTPWebBrokerBridge.o
 0004:000015e4       $pdata$_ZN6System8Generics11Collections8TList__1IPNS_7Classes15TCollectionItemEE6ExpandEv 000000014002a5e4     IdHTTPWebBrokerBridge.o
 0004:000015f0       $pdata$_ZN6System8Generics11Collections8TList__1IPNS_7Classes15TCollectionItemEE8ContainsES5_ 000000014002a5f0     IdHTTPWebBrokerBridge.o
 0004:000015fc       $pdata$_ZN6System8Generics11Collections8TList__1IPNS_7Classes15TCollectionItemEE7IndexOfES5_ 000000014002a5fc     IdHTTPWebBrokerBridge.o
 0004:00001608       $pdata$_ZN6System8Generics11Collections8TList__1IPNS_7Classes15TCollectionItemEE11IndexOfItemES5_NS_5Types10TDirectionE 000000014002a608     IdHTTPWebBrokerBridge.o
 0004:00001614       $pdata$_ZN6System8Generics11Collections8TList__1IPNS_7Classes15TCollectionItemEE11LastIndexOfES5_ 000000014002a614     IdHTTPWebBrokerBridge.o
 0004:00001620       $pdata$_ZN6System8Generics11Collections8TList__1IPNS_7Classes15TCollectionItemEE7ReverseEv 000000014002a620     IdHTTPWebBrokerBridge.o
 0004:0000162c       $pdata$_ZN6System8Generics11Collections8TList__1IPNS_7Classes15TCollectionItemEE4SortEv 000000014002a62c     IdHTTPWebBrokerBridge.o
 0004:00001638       $pdata$_ZN6System8Generics11Collections8TList__1IPNS_7Classes15TCollectionItemEE4SortENS_15DelphiInterfaceINS0_8Defaults12IComparer__1IS5_EEEE 000000014002a638     IdHTTPWebBrokerBridge.o
 0004:00001644       $pdata$_ZN6System8Generics11Collections8TList__1IPNS_7Classes15TCollectionItemEE4SortENS_15DelphiInterfaceINS0_8Defaults12IComparer__1IS5_EEEExx 000000014002a644     IdHTTPWebBrokerBridge.o
 0004:00001650       $pdata$_ZN6System8Generics11Collections8TList__1IPNS_7Classes15TCollectionItemEE12BinarySearchES5_Rx 000000014002a650     IdHTTPWebBrokerBridge.o
 0004:0000165c       $pdata$_ZN6System8Generics11Collections8TList__1IPNS_7Classes15TCollectionItemEE12BinarySearchES5_RxNS_15DelphiInterfaceINS0_8Defaults12IComparer__1IS5_EEEE 000000014002a65c     IdHTTPWebBrokerBridge.o
 0004:00001668       $pdata$_ZN6System8Generics11Collections8TList__1IPNS_7Classes15TCollectionItemEE12BinarySearchES5_RxNS_15DelphiInterfaceINS0_8Defaults12IComparer__1IS5_EEEExx 000000014002a668     IdHTTPWebBrokerBridge.o
 0004:00001674       $pdata$_ZN6System8Generics11Collections8TList__1IPNS_7Classes15TCollectionItemEE12BinarySearchES5_Ri 000000014002a674     IdHTTPWebBrokerBridge.o
 0004:00001680       $pdata$_ZN6System8Generics11Collections8TList__1IPNS_7Classes15TCollectionItemEE12BinarySearchES5_RiNS_15DelphiInterfaceINS0_8Defaults12IComparer__1IS5_EEEE 000000014002a680     IdHTTPWebBrokerBridge.o
 0004:0000168c       $pdata$_ZN6System8Generics11Collections8TList__1IPNS_7Classes15TCollectionItemEE12BinarySearchES5_RiNS_15DelphiInterfaceINS0_8Defaults12IComparer__1IS5_EEEEii 000000014002a68c     IdHTTPWebBrokerBridge.o
 0004:00001698       $pdata$_ZN6System8Generics11Collections8TList__1IPNS_7Classes15TCollectionItemEE10TrimExcessEv 000000014002a698     IdHTTPWebBrokerBridge.o
 0004:000016a4       $pdata$_ZN6System8Generics11Collections8TList__1IPNS_7Classes15TCollectionItemEE7ToArrayEv 000000014002a6a4     IdHTTPWebBrokerBridge.o
 0004:000016b0       $pdata$_ZN6System8Generics11Collections8TList__1IPNS_7Classes15TCollectionItemEE13GetEnumeratorEv 000000014002a6b0     IdHTTPWebBrokerBridge.o
 0004:000016bc       $pdata$_ZN6System8Generics11Collections8TList__1IPNS_7Classes15TCollectionItemEE11TEnumerator10GetCurrentEv 000000014002a6bc     IdHTTPWebBrokerBridge.o
 0004:000016c8       $pdata$_ZN6System8Generics11Collections8TList__1IPNS_7Classes15TCollectionItemEE11TEnumerator12DoGetCurrentEv 000000014002a6c8     IdHTTPWebBrokerBridge.o
 0004:000016d4       $pdata$_ZN6System8Generics11Collections8TList__1IPNS_7Classes15TCollectionItemEE11TEnumerator10DoMoveNextEv 000000014002a6d4     IdHTTPWebBrokerBridge.o
 0004:000016e0       $pdata$_ZN6System8Generics11Collections8TList__1IPNS_7Classes15TCollectionItemEE11TEnumeratorC3EPS6_ 000000014002a6e0     IdHTTPWebBrokerBridge.o
 0004:000016f8       $pdata$_ZN6System8Generics11Collections8TList__1IPNS_7Classes15TCollectionItemEE11TEnumerator8MoveNextEv 000000014002a6f8     IdHTTPWebBrokerBridge.o
 0004:00001704       $pdata$_ZN6System8Generics8Defaults12TComparer__1IPNS_7Classes15TCollectionItemEE13EQOperCompareEPvS5_S5_ 000000014002a704     IdHTTPWebBrokerBridge.o
 0004:00001710       $pdata$_ZN6System8Generics8Defaults12TComparer__1IPNS_7Classes15TCollectionItemEE25TryUseRecEqualityOperatorEv 000000014002a710     IdHTTPWebBrokerBridge.o
 0004:0000171c       $pdata$_ZN6System8Generics8Defaults12TComparer__1IPNS_7Classes15TCollectionItemEE8_DefaultEv 000000014002a71c     IdHTTPWebBrokerBridge.o
 0004:00001728       $pdata$_ZN6System8Generics8Defaults12TComparer__1IPNS_7Classes15TCollectionItemEE10_ConstructENS_15DelphiInterfaceINS1_14TComparison__1IS5_EEEE 000000014002a728     IdHTTPWebBrokerBridge.o
 0004:00001734       $pdata$_ZN6System8Generics8Defaults12TComparer__1IPNS_7Classes15TCollectionItemEE7DefaultEv 000000014002a734     IdHTTPWebBrokerBridge.o
 0004:00001740       $pdata$_ZN6System8Generics8Defaults12TComparer__1IPNS_7Classes15TCollectionItemEE9ConstructENS_15DelphiInterfaceINS1_14TComparison__1IS5_EEEE 000000014002a740     IdHTTPWebBrokerBridge.o
 0004:0000174c       $pdata$_ZN6System8Generics11Collections24@TList__1_Pack_1__ActRecIPNS_7Classes15TCollectionItemEE7_0_BodyEPKv 000000014002a74c     IdHTTPWebBrokerBridge.o
 0004:00001758       $pdata$_ZN6System8Generics11Collections24@TList__1_Pack_0__ActRecIPNS_7Classes15TCollectionItemEE7_0_BodyEPKv 000000014002a758     IdHTTPWebBrokerBridge.o
 0004:00001764       $pdata$_ZN6System8Generics11Collections6TArray4SortIPNS_7Classes15TCollectionItemEEEvPT_xNS_15DelphiInterfaceINS0_8Defaults12IComparer__1IS8_EEEExx 000000014002a764     IdHTTPWebBrokerBridge.o
 0004:00001770       $pdata$_ZN6System8Generics11Collections6TArray12BinarySearchIPNS_7Classes15TCollectionItemEEEbPKT_xS8_RxNS_15DelphiInterfaceINS0_8Defaults12IComparer__1IS8_EEEExx 000000014002a770     IdHTTPWebBrokerBridge.o
 0004:0000177c       $pdata$_ZN6System8Generics11Collections6TArray12BinarySearchIPNS_7Classes15TCollectionItemEEEbPKT_xS8_RiNS_15DelphiInterfaceINS0_8Defaults12IComparer__1IS8_EEEEii 000000014002a77c     IdHTTPWebBrokerBridge.o
 0004:00001788       $pdata$_ZN6System8Generics11Collections6TArray9QuickSortIPNS_7Classes15TCollectionItemEEEvPT_xNS_15DelphiInterfaceINS0_8Defaults12IComparer__1IS8_EEEExx 000000014002a788     IdHTTPWebBrokerBridge.o
 0004:00001794       $pdata$_ZN6System8Generics11Collections6TArray14DoBinarySearchIPNS_7Classes15TCollectionItemEEEbPKT_xS8_RxNS_15DelphiInterfaceINS0_8Defaults12IComparer__1IS8_EEEExx 000000014002a794     IdHTTPWebBrokerBridge.o
 0004:000017dc       $pdata$_ZN6System8Internal7Initcpp23SelectForInitializationEPNS1_20TUnitDescriptorBlockES3_ 000000014002a7dc     rtl:System.Internal.InitCPP.o
 0004:000017e8       $pdata$_ZN6System8Internal7Initcpp23SelectForInitializationEPPNS1_20TUnitDescriptorBlockES4_ 000000014002a7e8     rtl:System.Internal.InitCPP.o
 0004:000017f4       $pdata$_ZN6System8Internal7Initcpp15InitializeUnitsEPNS1_20TUnitDescriptorBlockES3_ 000000014002a7f4     rtl:System.Internal.InitCPP.o
 0004:00001800       $pdata$_ZN6System8Internal7Initcpp13FinalizeUnitsEPNS1_20TUnitDescriptorBlockES3_ 000000014002a800     rtl:System.Internal.InitCPP.o
 0004:0000180c       $pdata$_ZN6System8Internal7Initcpp15InitializeUnitsEPPNS1_20TUnitDescriptorBlockES4_ 000000014002a80c     rtl:System.Internal.InitCPP.o
 0004:00001818       $pdata$_ZN6System8Internal7Initcpp13FinalizeUnitsEPPNS1_20TUnitDescriptorBlockES4_ 000000014002a818     rtl:System.Internal.InitCPP.o
 0004:00001824       $pdata$_ZN6System8Internal7Initcpp15InitializeUnitsEPNS1_15TUnitDescriptorES3_ 000000014002a824     rtl:System.Internal.InitCPP.o
 0004:00001830       $pdata$_ZN6System8Internal7Initcpp13FinalizeUnitsEPNS1_15TUnitDescriptorES3_ 000000014002a830     rtl:System.Internal.InitCPP.o
 0004:0000183c       $pdata$_ZN6System8Internal7Initcpp15CalculateDegreeEPNS1_20TUnitDescriptorBlockES3_ 000000014002a83c     rtl:System.Internal.InitCPP.o
 0004:00001848       $pdata$_ZN6System8Internal7Initcpp15CalculateDegreeEPPNS1_20TUnitDescriptorBlockES4_ 000000014002a848     rtl:System.Internal.InitCPP.o
 0004:00001854       $pdata$_ZN6System8Internal7Initcpp16FinalizeUnitListEPPPNS1_15TUnitDescriptorES5_ 000000014002a854     rtl:System.Internal.InitCPP.o
 0004:0000186c       $pdata$_ZN6System8Internal7Initcpp18InitializeRootUnitEPNS1_15TUnitDescriptorE 000000014002a86c     rtl:System.Internal.InitCPP.o
 0004:000018a8       $pdata$_ZN6System8Internal7Initcpp16FinalizeRootUnitEPNS1_15TUnitDescriptorE 000000014002a8a8     rtl:System.Internal.InitCPP.o
 0004:000018c0       $pdata$_ZN6System8Internal7Initcpp12FinalizationEv 000000014002a8c0     rtl:System.Internal.InitCPP.o
 0004:000018cc       $pdata$_ZN6System8Internal7Initcpp14initializationEv 000000014002a8cc     rtl:System.Internal.InitCPP.o
 0009:00000010       _ZL15exception_count       000000014002f010     libmingw32:lib64_libmingw32_a-hook_delphieh.o
 0009:00000020       _ZL16exception_object      000000014002f020     libmingw32:lib64_libmingw32_a-hook_delphieh.o
 000a:00000460       $R000000                   0000000140030460     internal .obj file created from .res files
 000a:00000768       $R000001                   0000000140030768     internal .obj file created from .res files
 000a:00000830       $R000002                   0000000140030830     internal .obj file created from .res files
 000a:00000868       $R000003                   0000000140030868     internal .obj file created from .res files
 000a:00000978       $R000004                   0000000140030978     internal .obj file created from .res files
 000a:00000ba0       $R000005                   0000000140030ba0     internal .obj file created from .res files
 000a:000021c8       $R000006                   00000001400321c8     internal .obj file created from .res files
 000a:00003070       $R000007                   0000000140033070     internal .obj file created from .res files
 000a:00003918       $R000008                   0000000140033918     internal .obj file created from .res files
 000a:00003e80       $R000009                   0000000140033e80     internal .obj file created from .res files
 000a:0000a340       $R00000A                   000000014003a340     internal .obj file created from .res files
 000a:0001ab68       $R00000B                   000000014004ab68     internal .obj file created from .res files
 000a:0001ed90       $R00000C                   000000014004ed90     internal .obj file created from .res files
 000a:0001f718       $R00000D                   000000014004f718     internal .obj file created from .res files
 000a:0001fb80       $R00000E                   000000014004fb80     internal .obj file created from .res files
 000a:0001fc08       $R00000F                   000000014004fc08     internal .obj file created from .res files
 000a:00020318       $R000010                   0000000140050318     internal .obj file created from .res files
